Archive member included because of file (symbol)

d:/Wii/DevkitPro/libogc/lib/wii\libgrrlib.a(GRRLIB_bmf.o)
                              Main.o (GRRLIB_InitTileSet)
d:/Wii/DevkitPro/libogc/lib/wii\libgrrlib.a(GRRLIB_bmfx.o)
                              Main.o (GRRLIB_BMFX_Sepia)
d:/Wii/DevkitPro/libogc/lib/wii\libgrrlib.a(GRRLIB_core.o)
                              Main.o (rmode)
d:/Wii/DevkitPro/libogc/lib/wii\libgrrlib.a(GRRLIB_print.o)
                              Main.o (GRRLIB_Printf)
d:/Wii/DevkitPro/libogc/lib/wii\libgrrlib.a(GRRLIB_render.o)
                              Main.o (GRRLIB_Render)
d:/Wii/DevkitPro/libogc/lib/wii\libgrrlib.a(GRRLIB_texEdit.o)
                              Main.o (GRRLIB_LoadTexture)
d:/Wii/DevkitPro/libogc/lib/wii\libgrrlib.a(GRRLIB_ttf.o)
                              d:/Wii/DevkitPro/libogc/lib/wii\libgrrlib.a(GRRLIB_core.o) (GRRLIB_ExitTTF)
d:/Wii/DevkitPro/libogc/lib/wii\libfreetype.a(ftinit.o)
                              d:/Wii/DevkitPro/libogc/lib/wii\libgrrlib.a(GRRLIB_ttf.o) (FT_Init_FreeType)
d:/Wii/DevkitPro/libogc/lib/wii\libfreetype.a(ftbase.o)
                              d:/Wii/DevkitPro/libogc/lib/wii\libgrrlib.a(GRRLIB_ttf.o) (FT_Load_Glyph)
d:/Wii/DevkitPro/libogc/lib/wii\libfreetype.a(truetype.o)
                              d:/Wii/DevkitPro/libogc/lib/wii\libfreetype.a(ftinit.o) (tt_driver_class)
d:/Wii/DevkitPro/libogc/lib/wii\libfreetype.a(type1.o)
                              d:/Wii/DevkitPro/libogc/lib/wii\libfreetype.a(ftinit.o) (t1_driver_class)
d:/Wii/DevkitPro/libogc/lib/wii\libfreetype.a(cff.o)
                              d:/Wii/DevkitPro/libogc/lib/wii\libfreetype.a(ftinit.o) (cff_driver_class)
d:/Wii/DevkitPro/libogc/lib/wii\libfreetype.a(type1cid.o)
                              d:/Wii/DevkitPro/libogc/lib/wii\libfreetype.a(ftinit.o) (t1cid_driver_class)
d:/Wii/DevkitPro/libogc/lib/wii\libfreetype.a(pfr.o)
                              d:/Wii/DevkitPro/libogc/lib/wii\libfreetype.a(ftinit.o) (pfr_driver_class)
d:/Wii/DevkitPro/libogc/lib/wii\libfreetype.a(type42.o)
                              d:/Wii/DevkitPro/libogc/lib/wii\libfreetype.a(ftinit.o) (t42_driver_class)
d:/Wii/DevkitPro/libogc/lib/wii\libfreetype.a(winfnt.o)
                              d:/Wii/DevkitPro/libogc/lib/wii\libfreetype.a(ftinit.o) (winfnt_driver_class)
d:/Wii/DevkitPro/libogc/lib/wii\libfreetype.a(pcf.o)
                              d:/Wii/DevkitPro/libogc/lib/wii\libfreetype.a(ftinit.o) (pcf_driver_class)
d:/Wii/DevkitPro/libogc/lib/wii\libfreetype.a(bdf.o)
                              d:/Wii/DevkitPro/libogc/lib/wii\libfreetype.a(ftinit.o) (bdf_driver_class)
d:/Wii/DevkitPro/libogc/lib/wii\libfreetype.a(sfnt.o)
                              d:/Wii/DevkitPro/libogc/lib/wii\libfreetype.a(ftinit.o) (sfnt_module_class)
d:/Wii/DevkitPro/libogc/lib/wii\libfreetype.a(autofit.o)
                              d:/Wii/DevkitPro/libogc/lib/wii\libfreetype.a(ftinit.o) (autofit_module_class)
d:/Wii/DevkitPro/libogc/lib/wii\libfreetype.a(pshinter.o)
                              d:/Wii/DevkitPro/libogc/lib/wii\libfreetype.a(ftinit.o) (pshinter_module_class)
d:/Wii/DevkitPro/libogc/lib/wii\libfreetype.a(raster.o)
                              d:/Wii/DevkitPro/libogc/lib/wii\libfreetype.a(ftinit.o) (ft_raster1_renderer_class)
d:/Wii/DevkitPro/libogc/lib/wii\libfreetype.a(smooth.o)
                              d:/Wii/DevkitPro/libogc/lib/wii\libfreetype.a(ftinit.o) (ft_smooth_renderer_class)
d:/Wii/DevkitPro/libogc/lib/wii\libfreetype.a(ftgzip.o)
                              d:/Wii/DevkitPro/libogc/lib/wii\libfreetype.a(pcf.o) (FT_Stream_OpenGzip)
d:/Wii/DevkitPro/libogc/lib/wii\libfreetype.a(ftlzw.o)
                              d:/Wii/DevkitPro/libogc/lib/wii\libfreetype.a(pcf.o) (FT_Stream_OpenLZW)
d:/Wii/DevkitPro/libogc/lib/wii\libfreetype.a(psaux.o)
                              d:/Wii/DevkitPro/libogc/lib/wii\libfreetype.a(ftinit.o) (psaux_module_class)
d:/Wii/DevkitPro/libogc/lib/wii\libfreetype.a(psnames.o)
                              d:/Wii/DevkitPro/libogc/lib/wii\libfreetype.a(ftinit.o) (psnames_module_class)
d:/Wii/DevkitPro/libogc/lib/wii\libfreetype.a(ftsystem.o)
                              d:/Wii/DevkitPro/libogc/lib/wii\libfreetype.a(ftbase.o) (FT_Stream_Open)
d:/Wii/DevkitPro/libogc/lib/wii\libpngu.a(pngu.o)
                              d:/Wii/DevkitPro/libogc/lib/wii\libgrrlib.a(GRRLIB_texEdit.o) (PNGU_SelectImageFromBuffer)
d:/Wii/DevkitPro/libogc/lib/wii\libpng.a(png.o)
                              d:/Wii/DevkitPro/libogc/lib/wii\libpngu.a(pngu.o) (png_get_io_ptr)
d:/Wii/DevkitPro/libogc/lib/wii\libpng.a(pngerror.o)
                              d:/Wii/DevkitPro/libogc/lib/wii\libpng.a(png.o) (png_warning)
d:/Wii/DevkitPro/libogc/lib/wii\libpng.a(pngget.o)
                              d:/Wii/DevkitPro/libogc/lib/wii\libpngu.a(pngu.o) (png_get_rowbytes)
[...]
Memory Configuration

Name             Origin             Length             Attributes
*default*        0x00000000         0xffffffff

Linker script and memory map

                0x00003400                . = 0x3400

.stub
 *(.stub)
                0x80004000                . = 0x80004000

.init           0x80004000      0x20c
 *crt0.o(*.init)
 .init          0x80004000      0x1e8 d:/Wii/DevkitPro/libogc/lib/wii\libogc.a(ogc_crt0.o)
                0x80004000                _start
                0x800041a0                _memset
                0x800041d0                video_line
 *(.init)
 .init          0x800041e8        0xc d:/wii/devkitpro/devkitppc/bin/../lib/gcc/powerpc-eabi/4.4.3/ecrti.o
                0x800041e8                __init
 .init          0x800041f4        0x4 d:/wii/devkitpro/devkitppc/bin/../lib/gcc/powerpc-eabi/4.4.3/crtbegin.o
 .init          0x800041f8        0x4 d:/wii/devkitpro/devkitppc/bin/../lib/gcc/powerpc-eabi/4.4.3/crtend.o
 .init          0x800041fc       0x10 d:/wii/devkitpro/devkitppc/bin/../lib/gcc/powerpc-eabi/4.4.3/ecrtn.o

.rela.dyn       0x8000420c        0x0
 .rela.iplt     0x00000000        0x0 d:/wii/devkitpro/devkitppc/bin/../lib/gcc/powerpc-eabi/4.4.3/crtbegin.o
 .rela.eh_frame
                0x00000000        0x0 d:/wii/devkitpro/devkitppc/bin/../lib/gcc/powerpc-eabi/4.4.3/crtbegin.o
 .rela.gcc_except_table._Znwj
                0x00000000        0x0 d:/wii/devkitpro/devkitppc/bin/../lib/gcc/powerpc-eabi/4.4.3/crtbegin.o
 .rela.gcc_except_table._Znaj
                0x00000000        0x0 d:/wii/devkitpro/devkitppc/bin/../lib/gcc/powerpc-eabi/4.4.3/crtbegin.o
 .rela.gcc_except_table._ZN9__gnu_cxx27__verbose_terminate_handlerEv
                0x00000000        0x0 d:/wii/devkitpro/devkitppc/bin/../lib/gcc/powerpc-eabi/4.4.3/crtbegin.o

.plt
 *(.plt)

.interp
 *(.interp)

.hash
 *(.hash)

.dynsym
 *(.dynsym)

.dynstr
 *(.dynstr)

.gnu.version
 *(.gnu.version)

.gnu.version_d
 *(.gnu.version_d)

.gnu.version_r
 *(.gnu.version_r)

.rel.init
 *(.rel.init)

.rela.init      0x8000420c        0x0
 *(.rela.init)
 .rela.init     0x00000000        0x0 d:/wii/devkitpro/devkitppc/bin/../lib/gcc/powerpc-eabi/4.4.3/crtbegin.o

.rel.text
 *(.rel.text .rel.text.* .rel.gnu.linkonce.t.*)

.rela.text      0x8000420c        0x0
 *(.rela.text .rela.text.* .rela.gnu.linkonce.t.*)
 .rela.text     0x00000000        0x0 d:/wii/devkitpro/devkitppc/bin/../lib/gcc/powerpc-eabi/4.4.3/crtbegin.o
 .rela.text._Z12LoadTexturesv
                0x00000000        0x0 d:/wii/devkitpro/devkitppc/bin/../lib/gcc/powerpc-eabi/4.4.3/crtbegin.o
 .rela.text._Z12DrawMainMenuv
                0x00000000        0x0 d:/wii/devkitpro/devkitppc/bin/../lib/gcc/powerpc-eabi/4.4.3/crtbegin.o
 .rela.text._Z8DrawGamev
                0x00000000        0x0 d:/wii/devkitpro/devkitppc/bin/../lib/gcc/powerpc-eabi/4.4.3/crtbegin.o
 .rela.text._Z12DrawGameOverv
                0x00000000        0x0 d:/wii/devkitpro/devkitppc/bin/../lib/gcc/powerpc-eabi/4.4.3/crtbegin.o
 .rela.text._Z8DrawLogov
                0x00000000        0x0 d:/wii/devkitpro/devkitppc/bin/../lib/gcc/powerpc-eabi/4.4.3/crtbegin.o
 .rela.text.GRRLIB_GetBlend
                0x00000000        0x0 d:/wii/devkitpro/devkitppc/bin/../lib/gcc/powerpc-eabi/4.4.3/crtbegin.o
 .rela.text.GRRLIB_SetAntiAliasing
                0x00000000        0x0 d:/wii/devkitpro/devkitppc/bin/../lib/gcc/powerpc-eabi/4.4.3/crtbegin.o
 .rela.text.GRRLIB_GetAntiAliasing
                0x00000000        0x0 d:/wii/devkitpro/devkitppc/bin/../lib/gcc/powerpc-eabi/4.4.3/crtbegin.o
 .rela.text.GRRLIB_ClipReset
                0x00000000        0x0 d:/wii/devkitpro/devkitppc/bin/../lib/gcc/powerpc-eabi/4.4.3/crtbegin.o
 .rela.text.GRRLIB_SetBlend
                0x00000000        0x0 d:/wii/devkitpro/devkitppc/bin/../lib/gcc/powerpc-eabi/4.4.3/crtbegin.o
 .rela.text.GRRLIB_Init
                0x00000000        0x0 d:/wii/devkitpro/devkitppc/bin/../lib/gcc/powerpc-eabi/4.4.3/crtbegin.o
 .rela.text.GRRLIB_Rectangle
                0x00000000        0x0 d:/wii/devkitpro/devkitppc/bin/../lib/gcc/powerpc-eabi/4.4.3/crtbegin.o
 .rela.text.GRRLIB_FillScreen
                0x00000000        0x0 d:/wii/devkitpro/devkitppc/bin/../lib/gcc/powerpc-eabi/4.4.3/crtbegin.o
 .rela.text.GRRLIB_Exit
                0x00000000        0x0 d:/wii/devkitpro/devkitppc/bin/../lib/gcc/powerpc-eabi/4.4.3/crtbegin.o
 .rela.text.GRRLIB_Line
                0x00000000        0x0 d:/wii/devkitpro/devkitppc/bin/../lib/gcc/powerpc-eabi/4.4.3/crtbegin.o
 .rela.text.GRRLIB_Plot
                0x00000000        0x0 d:/wii/devkitpro/devkitppc/bin/../lib/gcc/powerpc-eabi/4.4.3/crtbegin.o
 .rela.text.GRRLIB_GXEngine
                0x00000000        0x0 d:/wii/devkitpro/devkitppc/bin/../lib/gcc/powerpc-eabi/4.4.3/crtbegin.o
 .rela.text.GRRLIB_PrintBMF
                0x00000000        0x0 d:/wii/devkitpro/devkitppc/bin/../lib/gcc/powerpc-eabi/4.4.3/crtbegin.o
 .rela.text.GRRLIB_Render
                0x00000000        0x0 d:/wii/devkitpro/devkitppc/bin/../lib/gcc/powerpc-eabi/4.4.3/crtbegin.o
 .rela.text.GRRLIB_DrawTileQuad
                0x00000000        0x0 d:/wii/devkitpro/devkitppc/bin/../lib/gcc/powerpc-eabi/4.4.3/crtbegin.o
 .rela.text.GRRLIB_DrawImgQuad
                0x00000000        0x0 d:/wii/devkitpro/devkitppc/bin/../lib/gcc/powerpc-eabi/4.4.3/crtbegin.o
 .rela.text.GRRLIB_DrawPart
                0x00000000        0x0 d:/wii/devkitpro/devkitppc/bin/../lib/gcc/powerpc-eabi/4.4.3/crtbegin.o
 .rela.text.GRRLIB_DrawTile
                0x00000000        0x0 d:/wii/devkitpro/devkitppc/bin/../lib/gcc/powerpc-eabi/4.4.3/crtbegin.o
 .rela.text.GRRLIB_DrawImg
                0x00000000        0x0 d:/wii/devkitpro/devkitppc/bin/../lib/gcc/powerpc-eabi/4.4.3/crtbegin.o
 .rela.text.GRRLIB_PrintfTTFW
                0x00000000        0x0 d:/wii/devkitpro/devkitppc/bin/../lib/gcc/powerpc-eabi/4.4.3/crtbegin.o
 .rela.text.png_warning
                0x00000000        0x0 d:/wii/devkitpro/devkitppc/bin/../lib/gcc/powerpc-eabi/4.4.3/crtbegin.o
 .rela.text.png_error
                0x00000000        0x0 d:/wii/devkitpro/devkitppc/bin/../lib/gcc/powerpc-eabi/4.4.3/crtbegin.o
 .rela.text.png_create_read_struct_2
                0x00000000        0x0 d:/wii/devkitpro/devkitppc/bin/../lib/gcc/powerpc-eabi/4.4.3/crtbegin.o
 .rela.text.png_handle_sRGB
                0x00000000        0x0 d:/wii/devkitpro/devkitppc/bin/../lib/gcc/powerpc-eabi/4.4.3/crtbegin.o
 .rela.text.png_handle_cHRM
                0x00000000        0x0 d:/wii/devkitpro/devkitppc/bin/../lib/gcc/powerpc-eabi/4.4.3/crtbegin.o
 .rela.text.png_handle_gAMA
                0x00000000        0x0 d:/wii/devkitpro/devkitppc/bin/../lib/gcc/powerpc-eabi/4.4.3/crtbegin.o
 .rela.text.png_create_write_struct_2
                0x00000000        0x0 d:/wii/devkitpro/devkitppc/bin/../lib/gcc/powerpc-eabi/4.4.3/crtbegin.o
 .rela.text.jpeg_stdio_src
                0x00000000        0x0 d:/wii/devkitpro/devkitppc/bin/../lib/gcc/powerpc-eabi/4.4.3/crtbegin.o
 .rela.text.jpeg_mem_src
                0x00000000        0x0 d:/wii/devkitpro/devkitppc/bin/../lib/gcc/powerpc-eabi/4.4.3/crtbegin.o
 .rela.text.consume_markers
                0x00000000        0x0 d:/wii/devkitpro/devkitppc/bin/../lib/gcc/powerpc-eabi/4.4.3/crtbegin.o
 .rela.text.read_markers
                0x00000000        0x0 d:/wii/devkitpro/devkitppc/bin/../lib/gcc/powerpc-eabi/4.4.3/crtbegin.o
 .rela.text.output_message
                0x00000000        0x0 d:/wii/devkitpro/devkitppc/bin/../lib/gcc/powerpc-eabi/4.4.3/crtbegin.o
 .rela.text.arith_decode
                0x00000000        0x0 d:/wii/devkitpro/devkitppc/bin/../lib/gcc/powerpc-eabi/4.4.3/crtbegin.o
 .rela.text.start_pass
                0x00000000        0x0 d:/wii/devkitpro/devkitppc/bin/../lib/gcc/powerpc-eabi/4.4.3/crtbegin.o
 .rela.text.deflate_slow
                0x00000000        0x0 d:/wii/devkitpro/devkitppc/bin/../lib/gcc/powerpc-eabi/4.4.3/crtbegin.o
 .rela.text.deflate_fast
                0x00000000        0x0 d:/wii/devkitpro/devkitppc/bin/../lib/gcc/powerpc-eabi/4.4.3/crtbegin.o
 .rela.text.deflate
                0x00000000        0x0 d:/wii/devkitpro/devkitppc/bin/../lib/gcc/powerpc-eabi/4.4.3/crtbegin.o
 .rela.text.deflateInit2_
                0x00000000        0x0 d:/wii/devkitpro/devkitppc/bin/../lib/gcc/powerpc-eabi/4.4.3/crtbegin.o
 .rela.text.inflateInit2_
                0x00000000        0x0 d:/wii/devkitpro/devkitppc/bin/../lib/gcc/powerpc-eabi/4.4.3/crtbegin.o
 .rela.text.fatGetVolumeLabel
                0x00000000        0x0 d:/wii/devkitpro/devkitppc/bin/../lib/gcc/powerpc-eabi/4.4.3/crtbegin.o
 .rela.text.fatUnmount
                0x00000000        0x0 d:/wii/devkitpro/devkitppc/bin/../lib/gcc/powerpc-eabi/4.4.3/crtbegin.o
 .rela.text.fatInit
                0x00000000        0x0 d:/wii/devkitpro/devkitppc/bin/../lib/gcc/powerpc-eabi/4.4.3/crtbegin.o
 .rela.text._FAT_directory_mbsncasecmp
                0x00000000        0x0 d:/wii/devkitpro/devkitppc/bin/../lib/gcc/powerpc-eabi/4.4.3/crtbegin.o
 .rela.text._FAT_directory_ucs2tombs
                0x00000000        0x0 d:/wii/devkitpro/devkitppc/bin/../lib/gcc/powerpc-eabi/4.4.3/crtbegin.o
 .rela.text._FAT_directory_addEntry
                0x00000000        0x0 d:/wii/devkitpro/devkitppc/bin/../lib/gcc/powerpc-eabi/4.4.3/crtbegin.o
 .rela.text.get_io_wiisd
                0x00000000        0x0 d:/wii/devkitpro/devkitppc/bin/../lib/gcc/powerpc-eabi/4.4.3/crtbegin.o
 .rela.text.get_io_usbstorage
                0x00000000        0x0 d:/wii/devkitpro/devkitppc/bin/../lib/gcc/powerpc-eabi/4.4.3/crtbegin.o
 .rela.text.get_io_gcsda
                0x00000000        0x0 d:/wii/devkitpro/devkitppc/bin/../lib/gcc/powerpc-eabi/4.4.3/crtbegin.o
 .rela.text.get_io_gcsdb
                0x00000000        0x0 d:/wii/devkitpro/devkitppc/bin/../lib/gcc/powerpc-eabi/4.4.3/crtbegin.o
 .rela.text.wiiuse_handshake_expansion
                0x00000000        0x0 d:/wii/devkitpro/devkitppc/bin/../lib/gcc/powerpc-eabi/4.4.3/crtbegin.o
 .rela.text.wiiuse_handshake
                0x00000000        0x0 d:/wii/devkitpro/devkitppc/bin/../lib/gcc/powerpc-eabi/4.4.3/crtbegin.o
 .rela.text.wiiuse_init_cmd_queue
                0x00000000        0x0 d:/wii/devkitpro/devkitppc/bin/../lib/gcc/powerpc-eabi/4.4.3/crtbegin.o
 .rela.text.wiiuse_init
                0x00000000        0x0 d:/wii/devkitpro/devkitppc/bin/../lib/gcc/powerpc-eabi/4.4.3/crtbegin.o
 .rela.text.bt_alarmhandler
                0x00000000        0x0 d:/wii/devkitpro/devkitppc/bin/../lib/gcc/powerpc-eabi/4.4.3/crtbegin.o
 .rela.text.__lwp_rotate_readyqueue
                0x00000000        0x0 d:/wii/devkitpro/devkitppc/bin/../lib/gcc/powerpc-eabi/4.4.3/crtbegin.o
 .rela.text.__lwp_thread_setstate
                0x00000000        0x0 d:/wii/devkitpro/devkitppc/bin/../lib/gcc/powerpc-eabi/4.4.3/crtbegin.o
 .rela.text.__lwp_thread_setpriority
                0x00000000        0x0 d:/wii/devkitpro/devkitppc/bin/../lib/gcc/powerpc-eabi/4.4.3/crtbegin.o
 .rela.text.__lwp_thread_suspend
                0x00000000        0x0 d:/wii/devkitpro/devkitppc/bin/../lib/gcc/powerpc-eabi/4.4.3/crtbegin.o
 .rela.text.__lwp_thread_changepriority
                0x00000000        0x0 d:/wii/devkitpro/devkitppc/bin/../lib/gcc/powerpc-eabi/4.4.3/crtbegin.o
 .rela.text.__lwp_thread_ready
                0x00000000        0x0 d:/wii/devkitpro/devkitppc/bin/../lib/gcc/powerpc-eabi/4.4.3/crtbegin.o
 .rela.text.__lwp_thread_coreinit
                0x00000000        0x0 d:/wii/devkitpro/devkitppc/bin/../lib/gcc/powerpc-eabi/4.4.3/crtbegin.o
 .rela.text.__lwp_thread_stopmultitasking
                0x00000000        0x0 d:/wii/devkitpro/devkitppc/bin/../lib/gcc/powerpc-eabi/4.4.3/crtbegin.o
 .rela.text.__lwp_thread_close
                0x00000000        0x0 d:/wii/devkitpro/devkitppc/bin/../lib/gcc/powerpc-eabi/4.4.3/crtbegin.o
 .rela.text.__lwp_thread_closeall
                0x00000000        0x0 d:/wii/devkitpro/devkitppc/bin/../lib/gcc/powerpc-eabi/4.4.3/crtbegin.o
 .rela.text.__lwp_thread_startmultitasking
                0x00000000        0x0 d:/wii/devkitpro/devkitppc/bin/../lib/gcc/powerpc-eabi/4.4.3/crtbegin.o
 .rela.text.__lwp_thread_tickle_timeslice
                0x00000000        0x0 d:/wii/devkitpro/devkitppc/bin/../lib/gcc/powerpc-eabi/4.4.3/crtbegin.o
 .rela.text.LWP_InitQueue
                0x00000000        0x0 d:/wii/devkitpro/devkitppc/bin/../lib/gcc/powerpc-eabi/4.4.3/crtbegin.o
 .rela.text.LWP_CreateThread
                0x00000000        0x0 d:/wii/devkitpro/devkitppc/bin/../lib/gcc/powerpc-eabi/4.4.3/crtbegin.o
 .rela.text.__lwp_thread_context
                0x00000000        0x0 d:/wii/devkitpro/devkitppc/bin/../lib/gcc/powerpc-eabi/4.4.3/crtbegin.o
 .rela.text.__lwp_thread_exists
                0x00000000        0x0 d:/wii/devkitpro/devkitppc/bin/../lib/gcc/powerpc-eabi/4.4.3/crtbegin.o
 .rela.text.__lwp_thread_isalive
                0x00000000        0x0 d:/wii/devkitpro/devkitppc/bin/../lib/gcc/powerpc-eabi/4.4.3/crtbegin.o
 .rela.text.__lwp_sysinit
                0x00000000        0x0 d:/wii/devkitpro/devkitppc/bin/../lib/gcc/powerpc-eabi/4.4.3/crtbegin.o
 .rela.text.LWP_ThreadBroadcast
                0x00000000        0x0 d:/wii/devkitpro/devkitppc/bin/../lib/gcc/powerpc-eabi/4.4.3/crtbegin.o
 .rela.text.LWP_CloseQueue
                0x00000000        0x0 d:/wii/devkitpro/devkitppc/bin/../lib/gcc/powerpc-eabi/4.4.3/crtbegin.o
 .rela.text.LWP_ThreadSignal
                0x00000000        0x0 d:/wii/devkitpro/devkitppc/bin/../lib/gcc/powerpc-eabi/4.4.3/crtbegin.o
 .rela.text.LWP_SetThreadPriority
                0x00000000        0x0 d:/wii/devkitpro/devkitppc/bin/../lib/gcc/powerpc-eabi/4.4.3/crtbegin.o
 .rela.text.LWP_ThreadIsSuspended
                0x00000000        0x0 d:/wii/devkitpro/devkitppc/bin/../lib/gcc/powerpc-eabi/4.4.3/crtbegin.o
 .rela.text.LWP_ThreadSleep
                0x00000000        0x0 d:/wii/devkitpro/devkitppc/bin/../lib/gcc/powerpc-eabi/4.4.3/crtbegin.o
 .rela.text.LWP_SuspendThread
                0x00000000        0x0 d:/wii/devkitpro/devkitppc/bin/../lib/gcc/powerpc-eabi/4.4.3/crtbegin.o
 .rela.text.LWP_ResumeThread
                0x00000000        0x0 d:/wii/devkitpro/devkitppc/bin/../lib/gcc/powerpc-eabi/4.4.3/crtbegin.o
 .rela.text.LWP_JoinThread
                0x00000000        0x0 d:/wii/devkitpro/devkitppc/bin/../lib/gcc/powerpc-eabi/4.4.3/crtbegin.o
 .rela.text.__lwp_stack_free
                0x00000000        0x0 d:/wii/devkitpro/devkitppc/bin/../lib/gcc/powerpc-eabi/4.4.3/crtbegin.o
 .rela.text.__lwp_stack_allocate
                0x00000000        0x0 d:/wii/devkitpro/devkitppc/bin/../lib/gcc/powerpc-eabi/4.4.3/crtbegin.o
 .rela.text.__lwp_watchdog_init
                0x00000000        0x0 d:/wii/devkitpro/devkitppc/bin/../lib/gcc/powerpc-eabi/4.4.3/crtbegin.o
 .rela.text.__lwp_wd_tickle
                0x00000000        0x0 d:/wii/devkitpro/devkitppc/bin/../lib/gcc/powerpc-eabi/4.4.3/crtbegin.o
 .rela.text.__lwp_wkspace_init
                0x00000000        0x0 d:/wii/devkitpro/devkitppc/bin/../lib/gcc/powerpc-eabi/4.4.3/crtbegin.o
 .rela.text.__lwp_wkspace_heapused
                0x00000000        0x0 d:/wii/devkitpro/devkitppc/bin/../lib/gcc/powerpc-eabi/4.4.3/crtbegin.o
 .rela.text.__lwp_wkspace_heapfree
                0x00000000        0x0 d:/wii/devkitpro/devkitppc/bin/../lib/gcc/powerpc-eabi/4.4.3/crtbegin.o
 .rela.text.__lwp_objmgr_initinfo
                0x00000000        0x0 d:/wii/devkitpro/devkitppc/bin/../lib/gcc/powerpc-eabi/4.4.3/crtbegin.o
 .rela.text.__irq_init
                0x00000000        0x0 d:/wii/devkitpro/devkitppc/bin/../lib/gcc/powerpc-eabi/4.4.3/crtbegin.o
 .rela.text.LWP_MutexUnlock
                0x00000000        0x0 d:/wii/devkitpro/devkitppc/bin/../lib/gcc/powerpc-eabi/4.4.3/crtbegin.o
 .rela.text.LWP_MutexDestroy
                0x00000000        0x0 d:/wii/devkitpro/devkitppc/bin/../lib/gcc/powerpc-eabi/4.4.3/crtbegin.o
 .rela.text.LWP_MutexInit
                0x00000000        0x0 d:/wii/devkitpro/devkitppc/bin/../lib/gcc/powerpc-eabi/4.4.3/crtbegin.o
 .rela.text.__lwp_mutex_init
                0x00000000        0x0 d:/wii/devkitpro/devkitppc/bin/../lib/gcc/powerpc-eabi/4.4.3/crtbegin.o
 .rela.text.T.30
                0x00000000        0x0 d:/wii/devkitpro/devkitppc/bin/../lib/gcc/powerpc-eabi/4.4.3/crtbegin.o
 .rela.text.__call_resetfuncs
                0x00000000        0x0 d:/wii/devkitpro/devkitppc/bin/../lib/gcc/powerpc-eabi/4.4.3/crtbegin.o
 .rela.text.__SYS_LockSram
                0x00000000        0x0 d:/wii/devkitpro/devkitppc/bin/../lib/gcc/powerpc-eabi/4.4.3/crtbegin.o
 .rela.text.__SYS_LockSramEx
                0x00000000        0x0 d:/wii/devkitpro/devkitppc/bin/../lib/gcc/powerpc-eabi/4.4.3/crtbegin.o
 .rela.text.__SYS_SyncSram
                0x00000000        0x0 d:/wii/devkitpro/devkitppc/bin/../lib/gcc/powerpc-eabi/4.4.3/crtbegin.o
 .rela.text.__sys_alarmhandler
                0x00000000        0x0 d:/wii/devkitpro/devkitppc/bin/../lib/gcc/powerpc-eabi/4.4.3/crtbegin.o
 .rela.text.__unlocksram
                0x00000000        0x0 d:/wii/devkitpro/devkitppc/bin/../lib/gcc/powerpc-eabi/4.4.3/crtbegin.o
 .rela.text.SYS_GetWirelessID
                0x00000000        0x0 d:/wii/devkitpro/devkitppc/bin/../lib/gcc/powerpc-eabi/4.4.3/crtbegin.o
 .rela.text.SYS_SetWirelessID
                0x00000000        0x0 d:/wii/devkitpro/devkitppc/bin/../lib/gcc/powerpc-eabi/4.4.3/crtbegin.o
 .rela.text.__SYS_SetBootTime
                0x00000000        0x0 d:/wii/devkitpro/devkitppc/bin/../lib/gcc/powerpc-eabi/4.4.3/crtbegin.o
 .rela.text.__sram_writecallback
                0x00000000        0x0 d:/wii/devkitpro/devkitppc/bin/../lib/gcc/powerpc-eabi/4.4.3/crtbegin.o
 .rela.text.__sram_init
                0x00000000        0x0 d:/wii/devkitpro/devkitppc/bin/../lib/gcc/powerpc-eabi/4.4.3/crtbegin.o
 .rela.text.SYS_Init
                0x00000000        0x0 d:/wii/devkitpro/devkitppc/bin/../lib/gcc/powerpc-eabi/4.4.3/crtbegin.o
 .rela.text.SYS_CancelAlarm
                0x00000000        0x0 d:/wii/devkitpro/devkitppc/bin/../lib/gcc/powerpc-eabi/4.4.3/crtbegin.o
 .rela.text.SYS_RemoveAlarm
                0x00000000        0x0 d:/wii/devkitpro/devkitppc/bin/../lib/gcc/powerpc-eabi/4.4.3/crtbegin.o
 .rela.text.SYS_SetPeriodicAlarm
                0x00000000        0x0 d:/wii/devkitpro/devkitppc/bin/../lib/gcc/powerpc-eabi/4.4.3/crtbegin.o
 .rela.text.SYS_SetAlarm
                0x00000000        0x0 d:/wii/devkitpro/devkitppc/bin/../lib/gcc/powerpc-eabi/4.4.3/crtbegin.o
 .rela.text.__lwp_cond_init
                0x00000000        0x0 d:/wii/devkitpro/devkitppc/bin/../lib/gcc/powerpc-eabi/4.4.3/crtbegin.o
 .rela.text.__lwp_cond_signalsupp
                0x00000000        0x0 d:/wii/devkitpro/devkitppc/bin/../lib/gcc/powerpc-eabi/4.4.3/crtbegin.o
 .rela.text.LWP_CondDestroy
                0x00000000        0x0 d:/wii/devkitpro/devkitppc/bin/../lib/gcc/powerpc-eabi/4.4.3/crtbegin.o
 .rela.text.T.31
                0x00000000        0x0 d:/wii/devkitpro/devkitppc/bin/../lib/gcc/powerpc-eabi/4.4.3/crtbegin.o
 .rela.text.LWP_CondInit
                0x00000000        0x0 d:/wii/devkitpro/devkitppc/bin/../lib/gcc/powerpc-eabi/4.4.3/crtbegin.o
 .rela.text.GX_EndDispList
                0x00000000        0x0 d:/wii/devkitpro/devkitppc/bin/../lib/gcc/powerpc-eabi/4.4.3/crtbegin.o
 .rela.text.GX_BeginDispList
                0x00000000        0x0 d:/wii/devkitpro/devkitppc/bin/../lib/gcc/powerpc-eabi/4.4.3/crtbegin.o
 .rela.text.GX_Init
                0x00000000        0x0 d:/wii/devkitpro/devkitppc/bin/../lib/gcc/powerpc-eabi/4.4.3/crtbegin.o
 .rela.text.c_decrementer_handler
                0x00000000        0x0 d:/wii/devkitpro/devkitppc/bin/../lib/gcc/powerpc-eabi/4.4.3/crtbegin.o
 .rela.text.__lwp_mqbox_init
                0x00000000        0x0 d:/wii/devkitpro/devkitppc/bin/../lib/gcc/powerpc-eabi/4.4.3/crtbegin.o
 .rela.text.MQ_Receive
                0x00000000        0x0 d:/wii/devkitpro/devkitppc/bin/../lib/gcc/powerpc-eabi/4.4.3/crtbegin.o
 .rela.text.MQ_Close
                0x00000000        0x0 d:/wii/devkitpro/devkitppc/bin/../lib/gcc/powerpc-eabi/4.4.3/crtbegin.o
 .rela.text.MQ_Jam
                0x00000000        0x0 d:/wii/devkitpro/devkitppc/bin/../lib/gcc/powerpc-eabi/4.4.3/crtbegin.o
 .rela.text.MQ_Send
                0x00000000        0x0 d:/wii/devkitpro/devkitppc/bin/../lib/gcc/powerpc-eabi/4.4.3/crtbegin.o
 .rela.text.MQ_Init
                0x00000000        0x0 d:/wii/devkitpro/devkitppc/bin/../lib/gcc/powerpc-eabi/4.4.3/crtbegin.o
 .rela.text.__ioctlvfmtCB
                0x00000000        0x0 d:/wii/devkitpro/devkitppc/bin/../lib/gcc/powerpc-eabi/4.4.3/crtbegin.o
 .rela.text.__ios_ioctlvformat_parse
                0x00000000        0x0 d:/wii/devkitpro/devkitppc/bin/../lib/gcc/powerpc-eabi/4.4.3/crtbegin.o
 .rela.text.IOS_IoctlvFormatAsync
                0x00000000        0x0 d:/wii/devkitpro/devkitppc/bin/../lib/gcc/powerpc-eabi/4.4.3/crtbegin.o
 .rela.text.IOS_IoctlvFormat
                0x00000000        0x0 d:/wii/devkitpro/devkitppc/bin/../lib/gcc/powerpc-eabi/4.4.3/crtbegin.o
 .rela.text.nanosleep
                0x00000000        0x0 d:/wii/devkitpro/devkitppc/bin/../lib/gcc/powerpc-eabi/4.4.3/crtbegin.o
 .rela.text.__libc_init
                0x00000000        0x0 d:/wii/devkitpro/devkitppc/bin/../lib/gcc/powerpc-eabi/4.4.3/crtbegin.o
 .rela.text.__libc_wrapup
                0x00000000        0x0 d:/wii/devkitpro/devkitppc/bin/../lib/gcc/powerpc-eabi/4.4.3/crtbegin.o
 .rela.text.__libc_delete_hook
                0x00000000        0x0 d:/wii/devkitpro/devkitppc/bin/../lib/gcc/powerpc-eabi/4.4.3/crtbegin.o
 .rela.text.__CheckARGV
                0x00000000        0x0 d:/wii/devkitpro/devkitppc/bin/../lib/gcc/powerpc-eabi/4.4.3/crtbegin.o
 .rela.text.__lwp_priority_init
                0x00000000        0x0 d:/wii/devkitpro/devkitppc/bin/../lib/gcc/powerpc-eabi/4.4.3/crtbegin.o
 .rela.text.__lwp_threadqueue_enqueuefifo
                0x00000000        0x0 d:/wii/devkitpro/devkitppc/bin/../lib/gcc/powerpc-eabi/4.4.3/crtbegin.o
 .rela.text.__lwp_threadqueue_dequeuefifo
                0x00000000        0x0 d:/wii/devkitpro/devkitppc/bin/../lib/gcc/powerpc-eabi/4.4.3/crtbegin.o
 .rela.text.__lwp_threadqueue_extractpriority
                0x00000000        0x0 d:/wii/devkitpro/devkitppc/bin/../lib/gcc/powerpc-eabi/4.4.3/crtbegin.o
 .rela.text.__lwp_threadqueue_dequeuepriority
                0x00000000        0x0 d:/wii/devkitpro/devkitppc/bin/../lib/gcc/powerpc-eabi/4.4.3/crtbegin.o
 .rela.text.__lwp_threadqueue_extractfifo
                0x00000000        0x0 d:/wii/devkitpro/devkitppc/bin/../lib/gcc/powerpc-eabi/4.4.3/crtbegin.o
 .rela.text.__lwp_threadqueue_enqueuepriority
                0x00000000        0x0 d:/wii/devkitpro/devkitppc/bin/../lib/gcc/powerpc-eabi/4.4.3/crtbegin.o
 .rela.text.__lwp_threadqueue_enqueue
                0x00000000        0x0 d:/wii/devkitpro/devkitppc/bin/../lib/gcc/powerpc-eabi/4.4.3/crtbegin.o
 .rela.text.__lwpmq_close
                0x00000000        0x0 d:/wii/devkitpro/devkitppc/bin/../lib/gcc/powerpc-eabi/4.4.3/crtbegin.o
 .rela.text.__lwpmq_initialize
                0x00000000        0x0 d:/wii/devkitpro/devkitppc/bin/../lib/gcc/powerpc-eabi/4.4.3/crtbegin.o
 .rela.text.__exception_sethandler
                0x00000000        0x0 d:/wii/devkitpro/devkitppc/bin/../lib/gcc/powerpc-eabi/4.4.3/crtbegin.o
 .rela.text.__exception_init
                0x00000000        0x0 d:/wii/devkitpro/devkitppc/bin/../lib/gcc/powerpc-eabi/4.4.3/crtbegin.o
 .rela.text.__systemcall_init
                0x00000000        0x0 d:/wii/devkitpro/devkitppc/bin/../lib/gcc/powerpc-eabi/4.4.3/crtbegin.o
 .rela.text.__lwp_sema_init
                0x00000000        0x0 d:/wii/devkitpro/devkitppc/bin/../lib/gcc/powerpc-eabi/4.4.3/crtbegin.o
 .rela.text.LWP_SemWait
                0x00000000        0x0 d:/wii/devkitpro/devkitppc/bin/../lib/gcc/powerpc-eabi/4.4.3/crtbegin.o
 .rela.text.LWP_SemDestroy
                0x00000000        0x0 d:/wii/devkitpro/devkitppc/bin/../lib/gcc/powerpc-eabi/4.4.3/crtbegin.o
 .rela.text.LWP_SemPost
                0x00000000        0x0 d:/wii/devkitpro/devkitppc/bin/../lib/gcc/powerpc-eabi/4.4.3/crtbegin.o
 .rela.text.LWP_SemInit
                0x00000000        0x0 d:/wii/devkitpro/devkitppc/bin/../lib/gcc/powerpc-eabi/4.4.3/crtbegin.o
 .rela.text.kprintf
                0x00000000        0x0 d:/wii/devkitpro/devkitppc/bin/../lib/gcc/powerpc-eabi/4.4.3/crtbegin.o
 .rela.text.__card_readcid
                0x00000000        0x0 d:/wii/devkitpro/devkitppc/bin/../lib/gcc/powerpc-eabi/4.4.3/crtbegin.o
 .rela.text.__card_readcsd
                0x00000000        0x0 d:/wii/devkitpro/devkitppc/bin/../lib/gcc/powerpc-eabi/4.4.3/crtbegin.o
 .rela.text.__card_sd_status
                0x00000000        0x0 d:/wii/devkitpro/devkitppc/bin/../lib/gcc/powerpc-eabi/4.4.3/crtbegin.o
 .rela.text.sdgecko_initIO
                0x00000000        0x0 d:/wii/devkitpro/devkitppc/bin/../lib/gcc/powerpc-eabi/4.4.3/crtbegin.o
 .rela.text.CON_EnableGecko
                0x00000000        0x0 d:/wii/devkitpro/devkitppc/bin/../lib/gcc/powerpc-eabi/4.4.3/crtbegin.o
 .rela.text.__console_init
                0x00000000        0x0 d:/wii/devkitpro/devkitppc/bin/../lib/gcc/powerpc-eabi/4.4.3/crtbegin.o
 .rela.text.__console_init_ex
                0x00000000        0x0 d:/wii/devkitpro/devkitppc/bin/../lib/gcc/powerpc-eabi/4.4.3/crtbegin.o
 .rela.text.__cxa_call_unexpected
                0x00000000        0x0 d:/wii/devkitpro/devkitppc/bin/../lib/gcc/powerpc-eabi/4.4.3/crtbegin.o
 .rela.text.__gxx_personality_v0
                0x00000000        0x0 d:/wii/devkitpro/devkitppc/bin/../lib/gcc/powerpc-eabi/4.4.3/crtbegin.o
 .rela.text._ZSt13set_terminatePFvvE
                0x00000000        0x0 d:/wii/devkitpro/devkitppc/bin/../lib/gcc/powerpc-eabi/4.4.3/crtbegin.o
 .rela.text._ZSt14set_unexpectedPFvvE
                0x00000000        0x0 d:/wii/devkitpro/devkitppc/bin/../lib/gcc/powerpc-eabi/4.4.3/crtbegin.o
 .rela.text._ZSt9terminatev
                0x00000000        0x0 d:/wii/devkitpro/devkitppc/bin/../lib/gcc/powerpc-eabi/4.4.3/crtbegin.o
 .rela.text._ZSt10unexpectedv
                0x00000000        0x0 d:/wii/devkitpro/devkitppc/bin/../lib/gcc/powerpc-eabi/4.4.3/crtbegin.o
 .rela.text.__cxa_throw
                0x00000000        0x0 d:/wii/devkitpro/devkitppc/bin/../lib/gcc/powerpc-eabi/4.4.3/crtbegin.o
 .rela.text._Znwj
                0x00000000        0x0 d:/wii/devkitpro/devkitppc/bin/../lib/gcc/powerpc-eabi/4.4.3/crtbegin.o
 .rela.text._ZN9__gnu_cxx27__verbose_terminate_handlerEv
                0x00000000        0x0 d:/wii/devkitpro/devkitppc/bin/../lib/gcc/powerpc-eabi/4.4.3/crtbegin.o
 .rela.text._ZNSt9exceptionD2Ev
                0x00000000        0x0 d:/wii/devkitpro/devkitppc/bin/../lib/gcc/powerpc-eabi/4.4.3/crtbegin.o
 .rela.text._ZNSt9exceptionD1Ev
                0x00000000        0x0 d:/wii/devkitpro/devkitppc/bin/../lib/gcc/powerpc-eabi/4.4.3/crtbegin.o
 .rela.text._ZNSt13bad_exceptionD2Ev
                0x00000000        0x0 d:/wii/devkitpro/devkitppc/bin/../lib/gcc/powerpc-eabi/4.4.3/crtbegin.o
 .rela.text._ZNSt13bad_exceptionD1Ev
                0x00000000        0x0 d:/wii/devkitpro/devkitppc/bin/../lib/gcc/powerpc-eabi/4.4.3/crtbegin.o
 .rela.text._ZN10__cxxabiv115__forced_unwindD2Ev
                0x00000000        0x0 d:/wii/devkitpro/devkitppc/bin/../lib/gcc/powerpc-eabi/4.4.3/crtbegin.o
 .rela.text._ZN10__cxxabiv115__forced_unwindD1Ev
                0x00000000        0x0 d:/wii/devkitpro/devkitppc/bin/../lib/gcc/powerpc-eabi/4.4.3/crtbegin.o
 .rela.text._ZN10__cxxabiv119__foreign_exceptionD2Ev
                0x00000000        0x0 d:/wii/devkitpro/devkitppc/bin/../lib/gcc/powerpc-eabi/4.4.3/crtbegin.o
 .rela.text._ZN10__cxxabiv119__foreign_exceptionD1Ev
                0x00000000        0x0 d:/wii/devkitpro/devkitppc/bin/../lib/gcc/powerpc-eabi/4.4.3/crtbegin.o
 .rela.text._ZN10__cxxabiv119__foreign_exceptionD0Ev
                0x00000000        0x0 d:/wii/devkitpro/devkitppc/bin/../lib/gcc/powerpc-eabi/4.4.3/crtbegin.o
 .rela.text._ZN10__cxxabiv115__forced_unwindD0Ev
                0x00000000        0x0 d:/wii/devkitpro/devkitppc/bin/../lib/gcc/powerpc-eabi/4.4.3/crtbegin.o
 .rela.text._ZNSt9exceptionD0Ev
                0x00000000        0x0 d:/wii/devkitpro/devkitppc/bin/../lib/gcc/powerpc-eabi/4.4.3/crtbegin.o
 .rela.text._ZNSt13bad_exceptionD0Ev
                0x00000000        0x0 d:/wii/devkitpro/devkitppc/bin/../lib/gcc/powerpc-eabi/4.4.3/crtbegin.o
 .rela.text._ZNSt9bad_allocD1Ev
                0x00000000        0x0 d:/wii/devkitpro/devkitppc/bin/../lib/gcc/powerpc-eabi/4.4.3/crtbegin.o
 .rela.text._ZNSt9bad_allocD2Ev
                0x00000000        0x0 d:/wii/devkitpro/devkitppc/bin/../lib/gcc/powerpc-eabi/4.4.3/crtbegin.o
 .rela.text._ZNSt9bad_allocD0Ev
                0x00000000        0x0 d:/wii/devkitpro/devkitppc/bin/../lib/gcc/powerpc-eabi/4.4.3/crtbegin.o
 .rela.text._ZN10__cxxabiv120__si_class_type_infoD1Ev
                0x00000000        0x0 d:/wii/devkitpro/devkitppc/bin/../lib/gcc/powerpc-eabi/4.4.3/crtbegin.o
 .rela.text._ZN10__cxxabiv120__si_class_type_infoD2Ev
                0x00000000        0x0 d:/wii/devkitpro/devkitppc/bin/../lib/gcc/powerpc-eabi/4.4.3/crtbegin.o
 .rela.text._ZN10__cxxabiv120__si_class_type_infoD0Ev
                0x00000000        0x0 d:/wii/devkitpro/devkitppc/bin/../lib/gcc/powerpc-eabi/4.4.3/crtbegin.o
 .rela.text._ZNSt9type_infoD2Ev
                0x00000000        0x0 d:/wii/devkitpro/devkitppc/bin/../lib/gcc/powerpc-eabi/4.4.3/crtbegin.o
 .rela.text._ZNSt9type_infoD1Ev
                0x00000000        0x0 d:/wii/devkitpro/devkitppc/bin/../lib/gcc/powerpc-eabi/4.4.3/crtbegin.o
 .rela.text._ZNSt9type_infoD0Ev
                0x00000000        0x0 d:/wii/devkitpro/devkitppc/bin/../lib/gcc/powerpc-eabi/4.4.3/crtbegin.o
 .rela.text._ZN10__cxxabiv117__class_type_infoD1Ev
                0x00000000        0x0 d:/wii/devkitpro/devkitppc/bin/../lib/gcc/powerpc-eabi/4.4.3/crtbegin.o
 .rela.text._ZN10__cxxabiv117__class_type_infoD2Ev
                0x00000000        0x0 d:/wii/devkitpro/devkitppc/bin/../lib/gcc/powerpc-eabi/4.4.3/crtbegin.o
 .rela.text._ZN10__cxxabiv117__class_type_infoD0Ev
                0x00000000        0x0 d:/wii/devkitpro/devkitppc/bin/../lib/gcc/powerpc-eabi/4.4.3/crtbegin.o
 .rela.text.atangent
                0x00000000        0x0 d:/wii/devkitpro/devkitppc/bin/../lib/gcc/powerpc-eabi/4.4.3/crtbegin.o
 .rela.text.calloc
                0x00000000        0x0 d:/wii/devkitpro/devkitppc/bin/../lib/gcc/powerpc-eabi/4.4.3/crtbegin.o
 .rela.text.__errno
                0x00000000        0x0 d:/wii/devkitpro/devkitppc/bin/../lib/gcc/powerpc-eabi/4.4.3/crtbegin.o
 .rela.text.exit
                0x00000000        0x0 d:/wii/devkitpro/devkitppc/bin/../lib/gcc/powerpc-eabi/4.4.3/crtbegin.o
 .rela.text.fclose
                0x00000000        0x0 d:/wii/devkitpro/devkitppc/bin/../lib/gcc/powerpc-eabi/4.4.3/crtbegin.o
 .rela.text.fflush
                0x00000000        0x0 d:/wii/devkitpro/devkitppc/bin/../lib/gcc/powerpc-eabi/4.4.3/crtbegin.o
 .rela.text._cleanup
                0x00000000        0x0 d:/wii/devkitpro/devkitppc/bin/../lib/gcc/powerpc-eabi/4.4.3/crtbegin.o
 .rela.text.__fp_unlock_all
                0x00000000        0x0 d:/wii/devkitpro/devkitppc/bin/../lib/gcc/powerpc-eabi/4.4.3/crtbegin.o
 .rela.text.__fp_lock_all
                0x00000000        0x0 d:/wii/devkitpro/devkitppc/bin/../lib/gcc/powerpc-eabi/4.4.3/crtbegin.o
 .rela.text.std
                0x00000000        0x0 d:/wii/devkitpro/devkitppc/bin/../lib/gcc/powerpc-eabi/4.4.3/crtbegin.o
 .rela.text.__sfp
                0x00000000        0x0 d:/wii/devkitpro/devkitppc/bin/../lib/gcc/powerpc-eabi/4.4.3/crtbegin.o
 .rela.text._fopen_r
                0x00000000        0x0 d:/wii/devkitpro/devkitppc/bin/../lib/gcc/powerpc-eabi/4.4.3/crtbegin.o
 .rela.text.fopen
                0x00000000        0x0 d:/wii/devkitpro/devkitppc/bin/../lib/gcc/powerpc-eabi/4.4.3/crtbegin.o
 .rela.text.fprintf
                0x00000000        0x0 d:/wii/devkitpro/devkitppc/bin/../lib/gcc/powerpc-eabi/4.4.3/crtbegin.o
 .rela.text.fputc
                0x00000000        0x0 d:/wii/devkitpro/devkitppc/bin/../lib/gcc/powerpc-eabi/4.4.3/crtbegin.o
 .rela.text.fputs
                0x00000000        0x0 d:/wii/devkitpro/devkitppc/bin/../lib/gcc/powerpc-eabi/4.4.3/crtbegin.o
 .rela.text.fread
                0x00000000        0x0 d:/wii/devkitpro/devkitppc/bin/../lib/gcc/powerpc-eabi/4.4.3/crtbegin.o
 .rela.text._malloc_trim_r
                0x00000000        0x0 d:/wii/devkitpro/devkitppc/bin/../lib/gcc/powerpc-eabi/4.4.3/crtbegin.o
 .rela.text._free_r
                0x00000000        0x0 d:/wii/devkitpro/devkitppc/bin/../lib/gcc/powerpc-eabi/4.4.3/crtbegin.o
 .rela.text._fseek_r
                0x00000000        0x0 d:/wii/devkitpro/devkitppc/bin/../lib/gcc/powerpc-eabi/4.4.3/crtbegin.o
 .rela.text.fseek
                0x00000000        0x0 d:/wii/devkitpro/devkitppc/bin/../lib/gcc/powerpc-eabi/4.4.3/crtbegin.o
 .rela.text.ftell
                0x00000000        0x0 d:/wii/devkitpro/devkitppc/bin/../lib/gcc/powerpc-eabi/4.4.3/crtbegin.o
 .rela.text.fwrite
                0x00000000        0x0 d:/wii/devkitpro/devkitppc/bin/../lib/gcc/powerpc-eabi/4.4.3/crtbegin.o
 .rela.text.getenv
                0x00000000        0x0 d:/wii/devkitpro/devkitppc/bin/../lib/gcc/powerpc-eabi/4.4.3/crtbegin.o
 .rela.text._findenv
                0x00000000        0x0 d:/wii/devkitpro/devkitppc/bin/../lib/gcc/powerpc-eabi/4.4.3/crtbegin.o
 .rela.text._findenv_r
                0x00000000        0x0 d:/wii/devkitpro/devkitppc/bin/../lib/gcc/powerpc-eabi/4.4.3/crtbegin.o
 .rela.text.gmtime
                0x00000000        0x0 d:/wii/devkitpro/devkitppc/bin/../lib/gcc/powerpc-eabi/4.4.3/crtbegin.o
 .rela.text.loadlocale
                0x00000000        0x0 d:/wii/devkitpro/devkitppc/bin/../lib/gcc/powerpc-eabi/4.4.3/crtbegin.o
 .rela.text.__smakebuf_r
                0x00000000        0x0 d:/wii/devkitpro/devkitppc/bin/../lib/gcc/powerpc-eabi/4.4.3/crtbegin.o
 .rela.text.mbrtowc
                0x00000000        0x0 d:/wii/devkitpro/devkitppc/bin/../lib/gcc/powerpc-eabi/4.4.3/crtbegin.o
 .rela.text._mbrtowc_r
                0x00000000        0x0 d:/wii/devkitpro/devkitppc/bin/../lib/gcc/powerpc-eabi/4.4.3/crtbegin.o
 .rela.text._mbstowcs_r
                0x00000000        0x0 d:/wii/devkitpro/devkitppc/bin/../lib/gcc/powerpc-eabi/4.4.3/crtbegin.o
 .rela.text.mktime
                0x00000000        0x0 d:/wii/devkitpro/devkitppc/bin/../lib/gcc/powerpc-eabi/4.4.3/crtbegin.o
 .rela.text._mktm_r
                0x00000000        0x0 d:/wii/devkitpro/devkitppc/bin/../lib/gcc/powerpc-eabi/4.4.3/crtbegin.o
 .rela.text._sscanf_r
                0x00000000        0x0 d:/wii/devkitpro/devkitppc/bin/../lib/gcc/powerpc-eabi/4.4.3/crtbegin.o
 .rela.text.sscanf
                0x00000000        0x0 d:/wii/devkitpro/devkitppc/bin/../lib/gcc/powerpc-eabi/4.4.3/crtbegin.o
 .rela.text._strtod_r
                0x00000000        0x0 d:/wii/devkitpro/devkitppc/bin/../lib/gcc/powerpc-eabi/4.4.3/crtbegin.o
 .rela.text.wcrtomb
                0x00000000        0x0 d:/wii/devkitpro/devkitppc/bin/../lib/gcc/powerpc-eabi/4.4.3/crtbegin.o
 .rela.text._wcrtomb_r
                0x00000000        0x0 d:/wii/devkitpro/devkitppc/bin/../lib/gcc/powerpc-eabi/4.4.3/crtbegin.o
 .rela.text.wctob
                0x00000000        0x0 d:/wii/devkitpro/devkitppc/bin/../lib/gcc/powerpc-eabi/4.4.3/crtbegin.o
 .rela.text._dtoa_r
                0x00000000        0x0 d:/wii/devkitpro/devkitppc/bin/../lib/gcc/powerpc-eabi/4.4.3/crtbegin.o
 .rela.text.__hexdig_init
                0x00000000        0x0 d:/wii/devkitpro/devkitppc/bin/../lib/gcc/powerpc-eabi/4.4.3/crtbegin.o
 .rela.text.__gethex
                0x00000000        0x0 d:/wii/devkitpro/devkitppc/bin/../lib/gcc/powerpc-eabi/4.4.3/crtbegin.o
 .rela.text.__hexnan
                0x00000000        0x0 d:/wii/devkitpro/devkitppc/bin/../lib/gcc/powerpc-eabi/4.4.3/crtbegin.o

.rel.fini
 *(.rel.fini)

.rela.fini
 *(.rela.fini)

.rel.rodata
 *(.rel.rodata .rel.rodata.* .rel.gnu.linkonce.r.*)

.rela.rodata    0x8000420c        0x0
 *(.rela.rodata .rela.rodata.* .rela.gnu.linkonce.r.*)
 .rela.rodata   0x00000000        0x0 d:/wii/devkitpro/devkitppc/bin/../lib/gcc/powerpc-eabi/4.4.3/crtbegin.o
 .rela.rodata.CSWTCH.48
                0x00000000        0x0 d:/wii/devkitpro/devkitppc/bin/../lib/gcc/powerpc-eabi/4.4.3/crtbegin.o
 .rela.rodata.dotab_fat
                0x00000000        0x0 d:/wii/devkitpro/devkitppc/bin/../lib/gcc/powerpc-eabi/4.4.3/crtbegin.o
 .rela.rodata._ZTVN10__cxxabiv119__foreign_exceptionE
                0x00000000        0x0 d:/wii/devkitpro/devkitppc/bin/../lib/gcc/powerpc-eabi/4.4.3/crtbegin.o
 .rela.rodata._ZTVN10__cxxabiv115__forced_unwindE
                0x00000000        0x0 d:/wii/devkitpro/devkitppc/bin/../lib/gcc/powerpc-eabi/4.4.3/crtbegin.o
 .rela.rodata._ZTVSt13bad_exception
                0x00000000        0x0 d:/wii/devkitpro/devkitppc/bin/../lib/gcc/powerpc-eabi/4.4.3/crtbegin.o
 .rela.rodata._ZTVSt9exception
                0x00000000        0x0 d:/wii/devkitpro/devkitppc/bin/../lib/gcc/powerpc-eabi/4.4.3/crtbegin.o
 .rela.rodata._ZTISt13bad_exception
                0x00000000        0x0 d:/wii/devkitpro/devkitppc/bin/../lib/gcc/powerpc-eabi/4.4.3/crtbegin.o
 .rela.rodata._ZTVSt9bad_alloc
                0x00000000        0x0 d:/wii/devkitpro/devkitppc/bin/../lib/gcc/powerpc-eabi/4.4.3/crtbegin.o
 .rela.rodata._ZTISt9bad_alloc
                0x00000000        0x0 d:/wii/devkitpro/devkitppc/bin/../lib/gcc/powerpc-eabi/4.4.3/crtbegin.o
 .rela.rodata._ZTVN10__cxxabiv120__si_class_type_infoE
                0x00000000        0x0 d:/wii/devkitpro/devkitppc/bin/../lib/gcc/powerpc-eabi/4.4.3/crtbegin.o
 .rela.rodata._ZTIN10__cxxabiv120__si_class_type_infoE
                0x00000000        0x0 d:/wii/devkitpro/devkitppc/bin/../lib/gcc/powerpc-eabi/4.4.3/crtbegin.o
 .rela.rodata._ZTVSt9type_info
                0x00000000        0x0 d:/wii/devkitpro/devkitppc/bin/../lib/gcc/powerpc-eabi/4.4.3/crtbegin.o
 .rela.rodata._ZTVN10__cxxabiv117__class_type_infoE
                0x00000000        0x0 d:/wii/devkitpro/devkitppc/bin/../lib/gcc/powerpc-eabi/4.4.3/crtbegin.o
 .rela.rodata._ZTIN10__cxxabiv117__class_type_infoE
                0x00000000        0x0 d:/wii/devkitpro/devkitppc/bin/../lib/gcc/powerpc-eabi/4.4.3/crtbegin.o

.rel.data
 *(.rel.data .rel.data.* .rel.gnu.linkonce.d.*)

.rela.data
 *(.rela.data .rela.data.* .rela.gnu.linkonce.d.*)

.rel.tdata
 *(.rel.tdata .rel.tdata.* .rel.gnu.linkonce.td.*)

.rela.tdata
 *(.rela.tdata .rela.tdata.* .rela.gnu.linkonce.td.*)

.rel.tbss
 *(.rel.tbss .rel.tbss.* .rel.gnu.linkonce.tb.*)

.rela.tbss
 *(.rela.tbss .rela.tbss.* .rela.gnu.linkonce.tb.*)

.rel.ctors
 *(.rel.ctors)

.rela.ctors
 *(.rela.ctors)

.rel.dtors
 *(.rel.dtors)

.rela.dtors
 *(.rela.dtors)

.rel.got
 *(.rel.got)

.rela.got
 *(.rela.got)

.rela.got1
 *(.rela.got1)

.rela.got2      0x8000420c        0x0
 *(.rela.got2)
 .rela.got2     0x00000000        0x0 d:/wii/devkitpro/devkitppc/bin/../lib/gcc/powerpc-eabi/4.4.3/crtbegin.o

.rel.sdata
 *(.rel.sdata .rel.sdata.* .rel.gnu.linkonce.s.*)

.rela.sdata     0x8000420c        0x0
 *(.rela.sdata .rela.sdata.* .rela.gnu.linkonce.s.*)
 .rela.sdata._ZN10__cxxabiv119__terminate_handlerE
                0x00000000        0x0 d:/wii/devkitpro/devkitppc/bin/../lib/gcc/powerpc-eabi/4.4.3/crtbegin.o
 .rela.sdata._ZTIN10__cxxabiv119__foreign_exceptionE
                0x00000000        0x0 d:/wii/devkitpro/devkitppc/bin/../lib/gcc/powerpc-eabi/4.4.3/crtbegin.o
 .rela.sdata._ZTIN10__cxxabiv115__forced_unwindE
                0x00000000        0x0 d:/wii/devkitpro/devkitppc/bin/../lib/gcc/powerpc-eabi/4.4.3/crtbegin.o
 .rela.sdata._ZTISt9exception
                0x00000000        0x0 d:/wii/devkitpro/devkitppc/bin/../lib/gcc/powerpc-eabi/4.4.3/crtbegin.o
 .rela.sdata._ZTISt9type_info
                0x00000000        0x0 d:/wii/devkitpro/devkitppc/bin/../lib/gcc/powerpc-eabi/4.4.3/crtbegin.o

.rel.sbss
 *(.rel.sbss .rel.sbss.* .rel.gnu.linkonce.sb.*)

.rela.sbss
 *(.rela.sbss .rela.sbss.* .rel.gnu.linkonce.sb.*)

.rel.sdata2
 *(.rel.sdata2 .rel.sdata2.* .rel.gnu.linkonce.s2.*)

.rela.sdata2    0x8000420c        0x0
 *(.rela.sdata2 .rela.sdata2.* .rela.gnu.linkonce.s2.*)
 .rela.sdata2.__sys_inIPL
                0x00000000        0x0 d:/wii/devkitpro/devkitppc/bin/../lib/gcc/powerpc-eabi/4.4.3/crtbegin.o
 .rela.sdata2.__gx
                0x00000000        0x0 d:/wii/devkitpro/devkitppc/bin/../lib/gcc/powerpc-eabi/4.4.3/crtbegin.o

.rel.sbss2
 *(.rel.sbss2 .rel.sbss2.* .rel.gnu.linkonce.sb2.*)

.rela.sbss2
 *(.rela.sbss2 .rela.sbss2.* .rela.gnu.linkonce.sb2.*)

.rel.bss
 *(.rel.bss .rel.bss.* .rel.gnu.linkonce.b.*)

.rela.bss
 *(.rela.bss .rela.bss.* .rela.gnu.linkonce.b.*)

.rel.plt
 *(.rel.plt)

.rela.plt
 *(.rela.plt)

.text           0x80004220   0x12fe80
 *(.text)
 .text          0x80004220      0x168 d:/wii/devkitpro/devkitppc/bin/../lib/gcc/powerpc-eabi/4.4.3/crtbegin.o
 .text          0x80004388       0x48 d:/wii/devkitpro/devkitppc/bin/../lib/gcc/powerpc-eabi/4.4.3/../../../../powerpc-eabi/lib/crtmain.o
                0x8000438c                __crtmain
 .text          0x800043d0      0x17c d:/Wii/DevkitPro/libogc/lib/wii\libfreetype.a(ftinit.o)
                0x800043d0                FT_Add_Default_Modules
                0x80004450                FT_Init_FreeType
                0x800044e8                FT_Done_FreeType
 .text          0x8000454c    0x12e9c d:/Wii/DevkitPro/libogc/lib/wii\libfreetype.a(ftbase.o)
                0x8000467c                FT_Get_Advance
                0x800047c4                FT_Get_Advances
                0x80004a34                FT_RoundFix
                0x80004a94                FT_CeilFix
                0x80004af4                FT_FloorFix
                0x80004b40                FT_Sqrt32
                0x80004ea8                FT_MulDiv
                0x80005084                FT_MulDiv_No_Round
                0x80005210                FT_MulFix
                0x80005360                FT_DivFix
                0x800054b4                FT_Matrix_Multiply
                0x800056b8                FT_Matrix_Invert
                0x80005828                FT_Matrix_Multiply_Scaled
                0x80005a5c                FT_Vector_Transform_Scaled
                0x80005bb0                FT_SqrtFixed
                0x80005c88                ft_corner_orientation
                0x80005e4c                ft_corner_is_flat
                0x80005fa4                FT_GlyphLoader_New
                0x80006028                FT_GlyphLoader_Rewind
                0x800060c4                FT_GlyphLoader_Reset
                0x80006214                FT_GlyphLoader_Done
                0x800063b8                FT_GlyphLoader_CreateExtra
                0x800064fc                FT_GlyphLoader_CheckPoints
                0x800068a8                FT_GlyphLoader_CheckSubGlyphs
                0x800069e0                FT_GlyphLoader_Prepare
                0x80006a5c                FT_GlyphLoader_Add
                0x80006c0c                FT_GlyphLoader_CopyPoints
                0x80006df4                ft_service_list_lookup
                0x80006eb4                ft_validator_init
                0x80006f20                ft_validator_run
                0x80006f48                ft_validator_error
                0x80006f90                FT_Stream_New
                0x80007194                FT_Stream_Free
                0x80007354                ft_glyphslot_free_bitmap
                0x80007434                ft_glyphslot_set_bitmap
                0x80007480                ft_glyphslot_alloc_bitmap
                0x80007808                FT_New_GlyphSlot
                0x80007988                FT_Done_GlyphSlot
                0x80007aa8                FT_Set_Transform
                0x80007f34                FT_Load_Glyph
                0x8000868c                FT_Load_Char
                0x8000913c                FT_New_Face
                0x800091c4                FT_New_Memory_Face
                0x8000a9b4                FT_Open_Face
                0x8000b1a0                FT_Attach_File
                0x8000b218                FT_Attach_Stream
                0x8000b368                FT_Done_Face
                0x8000b450                FT_New_Size
                0x8000b644                FT_Done_Size
                0x8000b7bc                FT_Match_Size
                0x8000ba40                ft_synthesize_vertical_metrics
                0x8000bcb8                FT_Select_Metrics
                0x8000be80                FT_Request_Metrics
                0x8000c3fc                FT_Select_Size
                0x8000c4fc                FT_Request_Size
                0x8000c67c                FT_Set_Char_Size
                0x8000c798                FT_Set_Pixel_Sizes
                0x8000c8ac                FT_Get_Kerning
                0x8000cb48                FT_Get_Track_Kerning
                0x8000cc68                FT_Select_Charmap
                0x8000cd90                FT_Set_Charmap
                0x8000ce94                FT_Get_Charmap_Index
                0x8000cfd0                FT_CMap_Done
                0x8000d238                FT_CMap_New
                0x8000d474                FT_Get_Char_Index
                0x8000d514                FT_Get_First_Char
                0x8000d5d8                FT_Get_Next_Char
                0x8000d6c8                FT_Face_GetCharVariantIndex
                0x8000d7bc                FT_Face_GetCharVariantIsDefault
                0x8000d864                FT_Face_GetVariantSelectors
                0x8000d910                FT_Face_GetVariantsOfChar
                0x8000d9c4                FT_Face_GetCharsOfVariant
                0x8000da78                FT_Get_Name_Index
                0x8000dc00                FT_Get_Glyph_Name
                0x8000ddd8                FT_Get_Postscript_Name
                0x8000df54                FT_Get_Sfnt_Table
                0x8000e058                FT_Load_Sfnt_Table
                0x8000e174                FT_Sfnt_Table_Info
                0x8000e290                FT_Get_CMap_Language_ID
                0x8000e3b4                FT_Get_CMap_Format
                0x8000e4d8                FT_Activate_Size
                0x8000e55c                FT_Lookup_Renderer
                0x8000ea4c                FT_Get_Renderer
                0x8000ea98                FT_Set_Renderer
                0x8000ec0c                FT_Render_Glyph_Internal
                0x8000edbc                FT_Render_Glyph
                0x8000ef94                FT_Add_Module
                0x8000f3fc                FT_Get_Module
                0x8000f4f0                FT_Get_Module_Interface
                0x8000f564                ft_module_get_service
                0x8000f6ec                FT_Remove_Module
                0x8000f82c                FT_New_Library
                0x8000f968                FT_Library_Version
                0x8000fa3c                FT_Done_Library
                0x8000fc1c                FT_Set_Debug_Hook
                0x8000fc8c                FT_Get_TrueType_Engine_Type
                0x8000fd30                ft_stub_set_char_sizes
                0x8000fe48                ft_stub_set_pixel_sizes
                0x8000ff1c                FT_Get_SubGlyph_Info
                0x80010060                FT_Outline_Decompose
                0x80010844                FT_Outline_New_Internal
                0x80010a24                FT_Outline_New
                0x80010a9c                FT_Outline_Check
                0x80010bd8                FT_Outline_Copy
                0x80010db4                FT_Outline_Done_Internal
                0x80010ee4                FT_Outline_Done
                0x80010f4c                FT_Outline_Get_CBox
                0x80011110                FT_Outline_Translate
                0x800111e0                FT_Outline_Reverse
                0x800113f0                FT_Outline_Render
                0x80011560                FT_Outline_Get_Bitmap
                0x8001162c                FT_Vector_Transform
                0x80011760                FT_Outline_Transform
                0x80011818                FT_Outline_Embolden
                0x80011be4                FT_Outline_Get_Orientation
                0x800122fc                FT_Raccess_Get_HeaderInfo
                0x80012704                FT_Raccess_Get_DataOffsets
                0x80012b38                FT_Raccess_Guess
                0x800137f8                FT_Get_Sfnt_Name_Count
                0x80013858                FT_Get_Sfnt_Name
                0x80013b08                FT_Stream_OpenMemory
                0x80013b90                FT_Stream_Close
                0x80013bf8                FT_Stream_Seek
                0x80013cd0                FT_Stream_Skip
                0x80013d40                FT_Stream_Pos
                0x80013d70                FT_Stream_Read
                0x80013dd0                FT_Stream_ReadAt
                0x80013f04                FT_Stream_TryRead
                0x80014044                FT_Stream_ExtractFrame
                0x800140dc                FT_Stream_ReleaseFrame
                0x80014178                FT_Stream_EnterFrame
                0x800143b4                FT_Stream_ExitFrame
                0x80014450                FT_Stream_GetChar
                0x800144d0                FT_Stream_GetShort
                0x80014584                FT_Stream_GetShortLE
                0x80014638                FT_Stream_GetOffset
                0x80014700                FT_Stream_GetLong
                0x800147e4                FT_Stream_GetLongLE
                0x800148c8                FT_Stream_ReadChar
                0x80014a04                FT_Stream_ReadShort
                0x80014b94                FT_Stream_ReadShortLE
                0x80014d24                FT_Stream_ReadOffset
                0x80014ec8                FT_Stream_ReadLong
                0x80015088                FT_Stream_ReadLongLE
                0x80015248                FT_Stream_ReadFields
                0x80015fe8                FT_Cos
                0x8001604c                FT_Sin
                0x80016098                FT_Tan
                0x80016108                FT_Atan2
                0x8001618c                FT_Vector_Unit
                0x80016228                FT_Vector_Rotate
                0x800163a4                FT_Vector_Length
                0x800164a4                FT_Vector_Polarize
                0x8001658c                FT_Vector_From_Polar
                0x800165f0                FT_Angle_Diff
                0x800166a4                ft_mem_alloc
                0x8001673c                ft_mem_qalloc
                0x80016800                ft_mem_realloc
                0x800168e0                ft_mem_qrealloc
                0x80016a70                ft_mem_free
                0x80016acc                ft_mem_dup
                0x80016b68                ft_mem_strdup
                0x80016be4                ft_mem_strcpyn
                0x80016ca0                FT_List_Find
                0x80016d1c                FT_List_Add
                0x80016db0                FT_List_Insert
                0x80016e44                FT_List_Remove
                0x80016ee8                FT_List_Up
                0x80016fd0                FT_List_Iterate
                0x80017080                FT_List_Finalize
                0x8001715c                ft_highpow2
                0x800171b0                FT_Alloc
                0x80017214                FT_QAlloc
                0x80017278                FT_Realloc
                0x800172f8                FT_QRealloc
                0x80017378                FT_Free
 .text          0x800173e8    0x17d2c d:/Wii/DevkitPro/libogc/lib/wii\libfreetype.a(truetype.o)
                0x8002042c                TT_New_Context
                0x800299d8                TT_RunIns
 .text          0x8002f114     0xa464 d:/Wii/DevkitPro/libogc/lib/wii\libfreetype.a(type1.o)
 .text          0x80039578     0xdbc0 d:/Wii/DevkitPro/libogc/lib/wii\libfreetype.a(cff.o)
 .text          0x80047138     0x3ddc d:/Wii/DevkitPro/libogc/lib/wii\libfreetype.a(type1cid.o)
 .text          0x8004af14     0x80dc d:/Wii/DevkitPro/libogc/lib/wii\libfreetype.a(pfr.o)
 .text          0x80052ff0     0x43f8 d:/Wii/DevkitPro/libogc/lib/wii\libfreetype.a(type42.o)
 .text          0x800573e8     0x2104 d:/Wii/DevkitPro/libogc/lib/wii\libfreetype.a(winfnt.o)
 .text          0x800594ec     0x4054 d:/Wii/DevkitPro/libogc/lib/wii\libfreetype.a(pcf.o)
 .text          0x8005d540     0x7db0 d:/Wii/DevkitPro/libogc/lib/wii\libfreetype.a(bdf.o)
 .text          0x800652f0    0x127cc d:/Wii/DevkitPro/libogc/lib/wii\libfreetype.a(sfnt.o)
 .text          0x80077abc     0xc02c d:/Wii/DevkitPro/libogc/lib/wii\libfreetype.a(autofit.o)
                0x80078ab0                af_glyph_hints_dump_points
                0x80078ad0                af_glyph_hints_dump_segments
                0x80078af0                af_glyph_hints_dump_edges
 .text          0x80083ae8     0x7fd8 d:/Wii/DevkitPro/libogc/lib/wii\libfreetype.a(pshinter.o)
                0x8008b598                ps_hints_apply
 .text          0x8008bac0     0x61d0 d:/Wii/DevkitPro/libogc/lib/wii\libfreetype.a(raster.o)
 .text          0x80091c90     0x4514 d:/Wii/DevkitPro/libogc/lib/wii\libfreetype.a(smooth.o)
 .text          0x800961a4     0x7210 d:/Wii/DevkitPro/libogc/lib/wii\libfreetype.a(ftgzip.o)
                0x8009d118                FT_Stream_OpenGzip
 .text          0x8009d3b4     0x197c d:/Wii/DevkitPro/libogc/lib/wii\libfreetype.a(ftlzw.o)
                0x8009dbf8                FT_Stream_OpenLZW
                0x8009e3fc                ft_lzwstate_reset
                0x8009e49c                ft_lzwstate_init
                0x8009e564                ft_lzwstate_done
                0x8009e638                ft_lzwstate_io
 .text          0x8009ed30     0x8520 d:/Wii/DevkitPro/libogc/lib/wii\libfreetype.a(psaux.o)
 .text          0x800a7250     0x1120 d:/Wii/DevkitPro/libogc/lib/wii\libfreetype.a(psnames.o)
 .text          0x800a8370      0x3c4 d:/Wii/DevkitPro/libogc/lib/wii\libfreetype.a(ftsystem.o)
                0x800a8550                FT_Stream_Open
                0x800a8660                FT_New_Memory
                0x800a86fc                FT_Done_Memory
 *fill*         0x800a8734        0xc 00000000
 .text          0x800a8740      0x4ec d:/Wii/DevkitPro/libogc/lib/wii\libogc.a(lwp_handler.o)
                0x800a8740                _cpu_context_save_fp
                0x800a8880                _cpu_context_restore_fp
                0x800a89c0                _cpu_context_switch
                0x800a8b40                _cpu_context_save
                0x800a8bc0                _cpu_context_restore
 .text          0x800a8c2c      0x4d8 d:/Wii/DevkitPro/libogc/lib/wii\libogc.a(cache_asm.o)
                0x800a8c2c                DCFlashInvalidate
                0x800a8c3c                DCEnable
                0x800a8c50                DCDisable
                0x800a8c64                DCFreeze
                0x800a8c78                DCUnfreeze
                0x800a8c88                DCTouchLoad
                0x800a8c90                DCBlockZero
                0x800a8c98                DCBlockStore
                0x800a8ca0                DCBlockFlush
                0x800a8ca8                DCBlockInvalidate
                0x800a8cb0                DCInvalidateRange
                0x800a8ce0                DCFlushRange
                0x800a8d14                DCStoreRange
                0x800a8d48                DCFlushRangeNoSync
                0x800a8d78                DCStoreRangeNoSync
                0x800a8da8                DCZeroRange
                0x800a8dd8                DCTouchRange
                0x800a8e08                ICInvalidateRange
                0x800a8e40                ICFlashInvalidate
                0x800a8e50                ICEnable
                0x800a8e64                ICDisable
                0x800a8e78                ICFreeze
                0x800a8e8c                ICUnfreeze
                0x800a8e9c                ICBlockInvalidate
                0x800a8ea4                ICSync
                0x800a8eac                L2Init
                0x800a8ef4                L2Enable
                0x800a8f08                L2Disable
                0x800a8f20                L2GlobalInvalidate
                0x800a8f78                __LCEnable
                0x800a9040                LCDisable
                0x800a9068                LCAllocOneTag
                0x800a907c                LCAllocTags
                0x800a90bc                LCLoadBlocks
                0x800a90e0                LCStoreBlocks
 .text          0x800a9104      0x518 d:/Wii/DevkitPro/libogc/lib/wii\libogc.a(system_asm.o)
                0x800a9104                __realmode
                0x800a911c                __configBATS
                0x800a9260                __configMEM1_24Mb
                0x800a92d4                __configMEM1_48Mb
                0x800a9348                __configMEM2_64Mb
                0x800a93ac                __configMEM2_128Mb
                0x800a9410                __PSInit
                0x800a9448                __CacheInit
                0x800a94ac                __SystemInit
                0x800a9530                __flush_cache
                0x800a9564                __reset
                0x800a95d4                SYS_SwitchFiber
                0x800a9604                InitBATS
 .text          0x800a961c      0x934 d:/Wii/DevkitPro/libogc/lib/wii\libogc.a(gu_psasm.o)
                0x800a961c                ps_guMtxConcat
                0x800a96e8                ps_guMtxIdentity
                0x800a971c                ps_guMtxCopy
                0x800a9750                ps_guMtxTranspose
                0x800a97a8                ps_guMtxInverse
                0x800a98a0                ps_guMtxInvXpos
                0x800a9968                ps_guMtxScale
                0x800a9998                ps_guMtxScaleApply
                0x800a99f0                ps_guMtxApplyScale
                0x800a9a5c                ps_guMtxTrans
                0x800a9a98                ps_guMtxTransApply
                0x800a9ae4                ps_guMtxApplyTrans
                0x800a9b68                ps_guMtxRotTrig
                0x800a9c20                __ps_guMtxRotAxisRadInternal
                0x800a9ce8                ps_guMtxReflect
                0x800a9d60                ps_guVecAdd
                0x800a9d84                ps_guVecSub
                0x800a9da8                ps_guVecScale
                0x800a9dc4                ps_guVecNormalize
                0x800a9e10                ps_guVecCross
                0x800a9e4c                ps_guVecDotProduct
                0x800a9e6c                ps_guVecMultiply
                0x800a9ec0                ps_guVecMultiplySR
                0x800a9f30                ps_guQuatDotProduct
 .text          0x800a9f50      0x1b0 d:/Wii/DevkitPro/libogc/lib/wii\libogc.a(irq_handler.o)
                0x800a9f50                irq_exceptionhandler
 .text          0x800aa100      0x1b0 d:/Wii/DevkitPro/libogc/lib/wii\libogc.a(decrementer_handler.o)
                0x800aa100                dec_exceptionhandler
 .text          0x800aa2b0      0x35c d:/Wii/DevkitPro/libogc/lib/wii\libogc.a(exception_handler.o)
                0x800aa2b0                exceptionhandler_start
                0x800aa32c                exceptionhandler_patch
                0x800aa360                exceptionhandler_end
                0x800aa364                default_exceptionhandler
                0x800aa4a4                fpu_exceptionhandler
                0x800aa5dc                systemcallhandler_start
                0x800aa608                systemcallhandler_end
 .text          0x800aa60c     0x50a4 d:/wii/devkitpro/devkitppc/bin/../lib/gcc/powerpc-eabi/4.4.3/../../../../powerpc-eabi/lib\libstdc++.a(cp-demangle.o)
                0x800aef94                __gcclibcxx_demangle_callback
                0x800aefe4                __cxa_demangle
 .text          0x800af6b0      0x3f0 d:/wii/devkitpro/devkitppc/bin/../lib/gcc/powerpc-eabi/4.4.3\libgcc.a(_udivdi3.o)
                0x800af6b0                __udivdi3
 .text          0x800afaa0      0x3fc d:/wii/devkitpro/devkitppc/bin/../lib/gcc/powerpc-eabi/4.4.3\libgcc.a(_umoddi3.o)
                0x800afaa0                __umoddi3
 .text          0x800afe9c       0xb4 d:/wii/devkitpro/devkitppc/bin/../lib/gcc/powerpc-eabi/4.4.3\libgcc.a(eabi.o)
                0x800afe9c                __eabi
                0x800afee4                __eabi_convert
                0x800aff18                __eabi_uconvert
 .text          0x800aff50     0x31a8 d:/wii/devkitpro/devkitppc/bin/../lib/gcc/powerpc-eabi/4.4.3\libgcc.a(unwind-dw2.o)
                0x800aff9c                _Unwind_GetCFA
                0x800affa4                _Unwind_GetIP
                0x800affac                _Unwind_GetIPInfo
                0x800affc0                _Unwind_SetIP
                0x800affc8                _Unwind_GetLanguageSpecificData
                0x800affd0                _Unwind_GetRegionStart
                0x800affd8                _Unwind_GetDataRelBase
                0x800affe0                _Unwind_GetTextRelBase
                0x800affe8                _Unwind_DeleteException
                0x800b0020                _Unwind_SetGR
                0x800b00a8                _Unwind_GetGR
                0x800b016c                _Unwind_FindEnclosingFunction
                0x800b2424                _Unwind_Backtrace
                0x800b26f4                _Unwind_ForcedUnwind
                0x800b29a4                _Unwind_Resume
                0x800b2b90                __frame_state_for
                0x800b2ca8                _Unwind_RaiseException
                0x800b2f14                _Unwind_Resume_or_Rethrow
 .text          0x800b30f8     0x17d4 d:/wii/devkitpro/devkitppc/bin/../lib/gcc/powerpc-eabi/4.4.3\libgcc.a(unwind-dw2-fde.o)
                0x800b30f8                __register_frame_info_bases
                0x800b3140                __register_frame_info
                0x800b318c                __register_frame_info_table_bases
                0x800b31c0                __register_frame_info_table
                0x800b3df4                __register_frame_table
                0x800b3e58                __register_frame
                0x800b45ac                _Unwind_Find_FDE
                0x800b478c                __deregister_frame_info_bases
                0x800b4898                __deregister_frame_info
                0x800b489c                __deregister_frame
 .text          0x800b48cc       0x28 d:/wii/devkitpro/devkitppc/bin/../lib/gcc/powerpc-eabi/4.4.3/../../../../powerpc-eabi/lib\libsysbase.a(abort.o)
                0x800b48cc                abort
 .text          0x800b48f4      0x2fc d:/wii/devkitpro/devkitppc/bin/../lib/gcc/powerpc-eabi/4.4.3/../../../../powerpc-eabi/lib\libsysbase.a(iosupport.o)
                0x800b48f4                setDefaultDevice
                0x800b490c                AddDevice
                0x800b4a34                FindDevice
                0x800b4b5c                GetDeviceOpTab
                0x800b4ba0                RemoveDevice
 .text          0x800b4bf0       0x28 d:/wii/devkitpro/devkitppc/bin/../lib/gcc/powerpc-eabi/4.4.3/../../../../powerpc-eabi/lib\libsysbase.a(_exit.o)
                0x800b4bf0                _exit
 .text          0x800b4c18      0x4cc d:/wii/devkitpro/devkitppc/bin/../lib/gcc/powerpc-eabi/4.4.3/../../../../powerpc-eabi/lib\libsysbase.a(chdir.o)
                0x800b4c18                getcwd
                0x800b4cfc                _concatenate_path
                0x800b4f5c                chdir
 .text          0x800b50e4       0xa0 d:/wii/devkitpro/devkitppc/bin/../lib/gcc/powerpc-eabi/4.4.3/../../../../powerpc-eabi/lib\libsysbase.a(build_argv.o)
                0x800b50e4                build_argv
 .text          0x800b5184      0x168 d:/wii/devkitpro/devkitppc/bin/../lib/gcc/powerpc-eabi/4.4.3/../../../../powerpc-eabi/lib\libsysbase.a(syscall_support.o)
                0x800b5184                __libc_lock_init
                0x800b51c4                __libc_lock_close
                0x800b5204                __libc_lock_release
                0x800b5244                __libc_lock_acquire
                0x800b5284                __malloc_lock
                0x800b52b8                __malloc_unlock
 .text          0x800b52ec      0x180 d:/wii/devkitpro/devkitppc/bin/../lib/gcc/powerpc-eabi/4.4.3/../../../../powerpc-eabi/lib\libc.a(lib_a-setjmp.o)
                0x800b52ec                setjmp
                0x800b53a8                longjmp
 .text          0x800b546c       0xa0 d:/wii/devkitpro/devkitppc/bin/../lib/gcc/powerpc-eabi/4.4.3/../../../../powerpc-eabi/lib\libsysbase.a(close.o)
                0x800b546c                _close_r
 .text          0x800b550c       0xc8 d:/wii/devkitpro/devkitppc/bin/../lib/gcc/powerpc-eabi/4.4.3/../../../../powerpc-eabi/lib\libsysbase.a(fstat.o)
                0x800b550c                _fstat_r
 .text          0x800b55d4        0x8 d:/wii/devkitpro/devkitppc/bin/../lib/gcc/powerpc-eabi/4.4.3/../../../../powerpc-eabi/lib\libsysbase.a(isatty.o)
                0x800b55d4                _isatty_r
 .text          0x800b55dc       0xd4 d:/wii/devkitpro/devkitppc/bin/../lib/gcc/powerpc-eabi/4.4.3/../../../../powerpc-eabi/lib\libsysbase.a(lseek.o)
                0x800b55dc                _lseek_r
 .text          0x800b56b0      0x14c d:/wii/devkitpro/devkitppc/bin/../lib/gcc/powerpc-eabi/4.4.3/../../../../powerpc-eabi/lib\libsysbase.a(open.o)
                0x800b56b0                _open_r
 .text          0x800b57fc       0xb0 d:/wii/devkitpro/devkitppc/bin/../lib/gcc/powerpc-eabi/4.4.3/../../../../powerpc-eabi/lib\libsysbase.a(read.o)
                0x800b57fc                _read_r
 .text          0x800b58ac       0x50 d:/wii/devkitpro/devkitppc/bin/../lib/gcc/powerpc-eabi/4.4.3/../../../../powerpc-eabi/lib\libsysbase.a(sbrk.o)
                0x800b58ac                _sbrk_r
 .text          0x800b58fc       0xb0 d:/wii/devkitpro/devkitppc/bin/../lib/gcc/powerpc-eabi/4.4.3/../../../../powerpc-eabi/lib\libsysbase.a(write.o)
                0x800b58fc                _write_r
 .text          0x800b59ac       0x6c d:/wii/devkitpro/devkitppc/bin/../lib/gcc/powerpc-eabi/4.4.3/../../../../powerpc-eabi/lib\libsysbase.a(flock.o)
                0x800b59ac                __funlockfile
                0x800b59d0                __flockfile
 .text          0x800b5a18      0x11c d:/wii/devkitpro/devkitppc/bin/../lib/gcc/powerpc-eabi/4.4.3/../../../../powerpc-eabi/lib\libsysbase.a(handle_manager.o)
                0x800b5a18                __get_handle
                0x800b5a3c                __alloc_handle
                0x800b5ad8                __release_handle
 .text          0x800b5b34       0x6c d:/wii/devkitpro/devkitppc/bin/../lib/gcc/powerpc-eabi/4.4.3/crtend.o
 *(.text.*)
 .text._Z13ShootListSizePK10shoot_node
                0x800b5ba0       0x30 List.o
                0x800b5ba0                ShootListSize(shoot_node const*)
 .text._Z8CheckHitii
                0x800b5bd0       0xe0 Main.o
                0x800b5bd0                CheckHit(int, int)
 .text._GLOBAL__I__Z13Shoot_DrawImgff11shoot_alignPK13GRRLIB_texImgfffj
                0x800b5cb0       0x30 Main.o
 .text._Z12SetupTargetsv
                0x800b5ce0      0x1a8 Main.o
                0x800b5ce0                SetupTargets()
 .text._Z8DoRumbleP12shoot_player
                0x800b5e88       0xa4 Main.o
                0x800b5e88                DoRumble(shoot_player*)
 .text._Z11ResetPlayeri
                0x800b5f2c       0xac Main.o
                0x800b5f2c                ResetPlayer(int)
 .text._Z12SetupPlayersv
                0x800b5fd8       0x38 Main.o
                0x800b5fd8                SetupPlayers()
 .text._Z10CheckInputP12shoot_player
                0x800b6010      0x260 Main.o
                0x800b6010                CheckInput(shoot_player*)
 .text._Z16DrawMainMenuItemtth
                0x800b6270      0x234 Main.o
                0x800b6270                DrawMainMenuItem(unsigned short, unsigned short, unsigned char)
 .text._Z9DrawSightv
                0x800b64a4      0x15c Main.o
                0x800b64a4                DrawSight()
 .text._Z13Shoot_DrawImgff11shoot_alignPK13GRRLIB_texImgfffj
                0x800b6600       0xd0 Main.o
                0x800b6600                Shoot_DrawImg(float, float, shoot_align, GRRLIB_texImg const*, float, float, float, unsigned int)
 .text._Z8DrawInfov
                0x800b66d0      0x394 Main.o
                0x800b66d0                DrawInfo()
 .text._Z12LoadTexturesv
                0x800b6a64      0x368 Main.o
                0x800b6a64                LoadTextures()
 .text._Z10Initializev
                0x800b6dcc       0x80 Main.o
                0x800b6dcc                Initialize()
 .text._Z9DrawDebugv
                0x800b6e4c       0x70 Main.o
                0x800b6e4c                DrawDebug()
 .text._Z12Shoot_Printfff11shoot_alignPK13GRRLIB_texImgjfPKc
                0x800b6ebc      0x198 Main.o
                0x800b6ebc                Shoot_Printf(float, float, shoot_align, GRRLIB_texImg const*, unsigned int, float, char const*)
 .text._Z12DrawMainMenuv
                0x800b7054      0x228 Main.o
                0x800b7054                DrawMainMenu()
 .text._Z8DrawGamev
                0x800b727c      0x1bc Main.o
                0x800b727c                DrawGame()
 .text._Z12DrawGameOverv
                0x800b7438      0x41c Main.o
                0x800b7438                DrawGameOver()
 .text._Z8DrawLogov
                0x800b7854      0x33c Main.o
                0x800b7854                DrawLogo()
 .text._Z4Drawv
                0x800b7b90       0x74 Main.o
                0x800b7b90                Draw()
 .text.main     0x800b7c04      0x194 Main.o
                0x800b7c04                main
 .text.GRRLIB_InitTileSet
                0x800b7d98       0xc4 d:/Wii/DevkitPro/libogc/lib/wii\libgrrlib.a(GRRLIB_bmf.o)
                0x800b7d98                GRRLIB_InitTileSet
 .text.GRRLIB_BMFX_Sepia
                0x800b7e5c      0x2e4 d:/Wii/DevkitPro/libogc/lib/wii\libgrrlib.a(GRRLIB_bmfx.o)
                0x800b7e5c                GRRLIB_BMFX_Sepia
 .text.GRRLIB_ClipReset
                0x800b8140       0x40 d:/Wii/DevkitPro/libogc/lib/wii\libgrrlib.a(GRRLIB_core.o)
                0x800b8140                GRRLIB_ClipReset
 .text.GRRLIB_Init
                0x800b8180      0x4d4 d:/Wii/DevkitPro/libogc/lib/wii\libgrrlib.a(GRRLIB_core.o)
                0x800b8180                GRRLIB_Init
 .text.GRRLIB_Rectangle
                0x800b8654      0x148 d:/Wii/DevkitPro/libogc/lib/wii\libgrrlib.a(GRRLIB_core.o)
                0x800b8654                GRRLIB_Rectangle
 .text.GRRLIB_FillScreen
                0x800b879c       0x70 d:/Wii/DevkitPro/libogc/lib/wii\libgrrlib.a(GRRLIB_core.o)
                0x800b879c                GRRLIB_FillScreen
 .text.GRRLIB_Exit
                0x800b880c      0x10c d:/Wii/DevkitPro/libogc/lib/wii\libgrrlib.a(GRRLIB_core.o)
                0x800b880c                GRRLIB_Exit
 .text.GRRLIB_Printf
                0x800b8918      0x16c d:/Wii/DevkitPro/libogc/lib/wii\libgrrlib.a(GRRLIB_print.o)
                0x800b8918                GRRLIB_Printf
 .text.GRRLIB_Render
                0x800b8a84       0xa8 d:/Wii/DevkitPro/libogc/lib/wii\libgrrlib.a(GRRLIB_render.o)
                0x800b8a84                GRRLIB_Render
 .text.GRRLIB_DrawTile
                0x800b8b2c      0x4a0 d:/Wii/DevkitPro/libogc/lib/wii\libgrrlib.a(GRRLIB_render.o)
                0x800b8b2c                GRRLIB_DrawTile
 .text.GRRLIB_DrawImg
                0x800b8fcc      0x4c0 d:/Wii/DevkitPro/libogc/lib/wii\libgrrlib.a(GRRLIB_render.o)
                0x800b8fcc                GRRLIB_DrawImg
 .text.GRRLIB_CreatePalette
                0x800b948c       0x80 d:/Wii/DevkitPro/libogc/lib/wii\libgrrlib.a(GRRLIB_texEdit.o)
 .text.GRRLIB_LoadTextureBMP
                0x800b950c      0x6f4 d:/Wii/DevkitPro/libogc/lib/wii\libgrrlib.a(GRRLIB_texEdit.o)
                0x800b950c                GRRLIB_LoadTextureBMP
 .text.GRRLIB_LoadTextureJPGEx
                0x800b9c00      0x344 d:/Wii/DevkitPro/libogc/lib/wii\libgrrlib.a(GRRLIB_texEdit.o)
                0x800b9c00                GRRLIB_LoadTextureJPGEx
 .text.GRRLIB_LoadTextureJPG
                0x800b9f44       0x64 d:/Wii/DevkitPro/libogc/lib/wii\libgrrlib.a(GRRLIB_texEdit.o)
                0x800b9f44                GRRLIB_LoadTextureJPG
 .text.GRRLIB_LoadTexturePNG
                0x800b9fa8      0x140 d:/Wii/DevkitPro/libogc/lib/wii\libgrrlib.a(GRRLIB_texEdit.o)
                0x800b9fa8                GRRLIB_LoadTexturePNG
 .text.GRRLIB_LoadTexture
                0x800ba0e8       0x4c d:/Wii/DevkitPro/libogc/lib/wii\libgrrlib.a(GRRLIB_texEdit.o)
                0x800ba0e8                GRRLIB_LoadTexture
 .text.GRRLIB_ExitTTF
                0x800ba134       0x28 d:/Wii/DevkitPro/libogc/lib/wii\libgrrlib.a(GRRLIB_ttf.o)
                0x800ba134                GRRLIB_ExitTTF
 .text.GRRLIB_InitTTF
                0x800ba15c       0x34 d:/Wii/DevkitPro/libogc/lib/wii\libgrrlib.a(GRRLIB_ttf.o)
                0x800ba15c                GRRLIB_InitTTF
 .text.pngu_read_data_from_buffer
                0x800ba190       0x68 d:/Wii/DevkitPro/libogc/lib/wii\libpngu.a(pngu.o)
                0x800ba190                pngu_read_data_from_buffer
 .text.pngu_free_info
                0x800ba1f8       0x64 d:/Wii/DevkitPro/libogc/lib/wii\libpngu.a(pngu.o)
                0x800ba1f8                pngu_free_info
 .text.PNGU_SelectImageFromBuffer
                0x800ba25c       0x74 d:/Wii/DevkitPro/libogc/lib/wii\libpngu.a(pngu.o)
                0x800ba25c                PNGU_SelectImageFromBuffer
 .text.PNGU_ReleaseImageContext
                0x800ba2d0       0x68 d:/Wii/DevkitPro/libogc/lib/wii\libpngu.a(pngu.o)
                0x800ba2d0                PNGU_ReleaseImageContext
 .text.pngu_info
                0x800ba338      0x500 d:/Wii/DevkitPro/libogc/lib/wii\libpngu.a(pngu.o)
                0x800ba338                pngu_info
 .text.pngu_decode
                0x800ba838      0x1f0 d:/Wii/DevkitPro/libogc/lib/wii\libpngu.a(pngu.o)
                0x800ba838                pngu_decode
 .text.PNGU_GetImageProperties
                0x800baa28       0xa0 d:/Wii/DevkitPro/libogc/lib/wii\libpngu.a(pngu.o)
                0x800baa28                PNGU_GetImageProperties
 .text.PNGU_DecodeTo4x4RGBA8
                0x800baac8      0x3c8 d:/Wii/DevkitPro/libogc/lib/wii\libpngu.a(pngu.o)
                0x800baac8                PNGU_DecodeTo4x4RGBA8
 .text.png_get_io_ptr
                0x800bae90       0x14 d:/Wii/DevkitPro/libogc/lib/wii\libpng.a(png.o)
                0x800bae90                png_get_io_ptr
 .text.png_init_io
                0x800baea4       0x10 d:/Wii/DevkitPro/libogc/lib/wii\libpng.a(png.o)
                0x800baea4                png_init_io
 .text.png_get_header_ver
                0x800baeb4        0xc d:/Wii/DevkitPro/libogc/lib/wii\libpng.a(png.o)
                0x800baeb4                png_get_header_ver
 .text.png_64bit_product
                0x800baec0       0x4c d:/Wii/DevkitPro/libogc/lib/wii\libpng.a(png.o)
                0x800baec0                png_64bit_product
 .text.png_check_cHRM_fixed
                0x800baf0c      0x238 d:/Wii/DevkitPro/libogc/lib/wii\libpng.a(png.o)
                0x800baf0c                png_check_cHRM_fixed
 .text.png_check_IHDR
                0x800bb144      0x384 d:/Wii/DevkitPro/libogc/lib/wii\libpng.a(png.o)
                0x800bb144                png_check_IHDR
 .text.png_set_sig_bytes
                0x800bb4c8       0x60 d:/Wii/DevkitPro/libogc/lib/wii\libpng.a(png.o)
                0x800bb4c8                png_set_sig_bytes
 .text.png_handle_as_unknown
                0x800bb528       0xb4 d:/Wii/DevkitPro/libogc/lib/wii\libpng.a(png.o)
                0x800bb528                png_handle_as_unknown
 .text.png_sig_cmp
                0x800bb5dc       0x88 d:/Wii/DevkitPro/libogc/lib/wii\libpng.a(png.o)
                0x800bb5dc                png_sig_cmp
 .text.png_zalloc
                0x800bb664       0x6c d:/Wii/DevkitPro/libogc/lib/wii\libpng.a(png.o)
                0x800bb664                png_zalloc
 .text.png_zfree
                0x800bb6d0       0x20 d:/Wii/DevkitPro/libogc/lib/wii\libpng.a(png.o)
                0x800bb6d0                png_zfree
 .text.png_free_data
                0x800bb6f0      0x518 d:/Wii/DevkitPro/libogc/lib/wii\libpng.a(png.o)
                0x800bb6f0                png_free_data
 .text.png_info_init_3
                0x800bbc08       0x5c d:/Wii/DevkitPro/libogc/lib/wii\libpng.a(png.o)
                0x800bbc08                png_info_init_3
 .text.png_info_destroy
                0x800bbc64       0x68 d:/Wii/DevkitPro/libogc/lib/wii\libpng.a(png.o)
                0x800bbc64                png_info_destroy
 .text.png_create_info_struct
                0x800bbccc       0x54 d:/Wii/DevkitPro/libogc/lib/wii\libpng.a(png.o)
                0x800bbccc                png_create_info_struct
 .text.png_calculate_crc
                0x800bbd20       0x70 d:/Wii/DevkitPro/libogc/lib/wii\libpng.a(png.o)
                0x800bbd20                png_calculate_crc
 .text.png_reset_crc
                0x800bbd90       0x3c d:/Wii/DevkitPro/libogc/lib/wii\libpng.a(png.o)
                0x800bbd90                png_reset_crc
 .text.png_set_longjmp_fn
                0x800bbdcc       0x20 d:/Wii/DevkitPro/libogc/lib/wii\libpng.a(pngerror.o)
                0x800bbdcc                png_set_longjmp_fn
 .text.png_set_error_fn
                0x800bbdec       0x18 d:/Wii/DevkitPro/libogc/lib/wii\libpng.a(pngerror.o)
                0x800bbdec                png_set_error_fn
 .text.png_format_buffer
                0x800bbe04      0x118 d:/Wii/DevkitPro/libogc/lib/wii\libpng.a(pngerror.o)
 .text.png_warning
                0x800bbf1c       0xc0 d:/Wii/DevkitPro/libogc/lib/wii\libpng.a(pngerror.o)
                0x800bbf1c                png_warning
 .text.png_chunk_warning
                0x800bbfdc       0x50 d:/Wii/DevkitPro/libogc/lib/wii\libpng.a(pngerror.o)
                0x800bbfdc                png_chunk_warning
 .text.png_error
                0x800bc02c       0xbc d:/Wii/DevkitPro/libogc/lib/wii\libpng.a(pngerror.o)
                0x800bc02c                png_error
 .text.png_chunk_error
                0x800bc0e8       0x50 d:/Wii/DevkitPro/libogc/lib/wii\libpng.a(pngerror.o)
                0x800bc0e8                png_chunk_error
 .text.png_get_rowbytes
                0x800bc138       0x20 d:/Wii/DevkitPro/libogc/lib/wii\libpng.a(pngget.o)
                0x800bc138                png_get_rowbytes
 .text.png_get_bKGD
                0x800bc158       0x3c d:/Wii/DevkitPro/libogc/lib/wii\libpng.a(pngget.o)
                0x800bc158                png_get_bKGD
 .text.png_get_tRNS
                0x800bc194       0xa4 d:/Wii/DevkitPro/libogc/lib/wii\libpng.a(pngget.o)
                0x800bc194                png_get_tRNS
 .text.png_get_IHDR
                0x800bc238       0xdc d:/Wii/DevkitPro/libogc/lib/wii\libpng.a(pngget.o)
                0x800bc238                png_get_IHDR
 .text.png_set_mem_fn
                0x800bc314       0x18 d:/Wii/DevkitPro/libogc/lib/wii\libpng.a(pngmem.o)
                0x800bc314                png_set_mem_fn
 .text.png_free_default
                0x800bc32c       0x34 d:/Wii/DevkitPro/libogc/lib/wii\libpng.a(pngmem.o)
                0x800bc32c                png_free_default
 .text.png_free
                0x800bc360       0x50 d:/Wii/DevkitPro/libogc/lib/wii\libpng.a(pngmem.o)
                0x800bc360                png_free
 .text.png_destroy_struct_2
                0x800bc3b0       0x58 d:/Wii/DevkitPro/libogc/lib/wii\libpng.a(pngmem.o)
                0x800bc3b0                png_destroy_struct_2
 .text.png_destroy_struct
                0x800bc408        0xc d:/Wii/DevkitPro/libogc/lib/wii\libpng.a(pngmem.o)
                0x800bc408                png_destroy_struct
 .text.png_malloc_default
                0x800bc414       0x48 d:/Wii/DevkitPro/libogc/lib/wii\libpng.a(pngmem.o)
                0x800bc414                png_malloc_default
 .text.png_malloc
                0x800bc45c       0x90 d:/Wii/DevkitPro/libogc/lib/wii\libpng.a(pngmem.o)
                0x800bc45c                png_malloc
 .text.png_malloc_warn
                0x800bc4ec       0x54 d:/Wii/DevkitPro/libogc/lib/wii\libpng.a(pngmem.o)
                0x800bc4ec                png_malloc_warn
 .text.png_calloc
                0x800bc540       0x4c d:/Wii/DevkitPro/libogc/lib/wii\libpng.a(pngmem.o)
                0x800bc540                png_calloc
 .text.png_create_struct_2
                0x800bc58c       0x98 d:/Wii/DevkitPro/libogc/lib/wii\libpng.a(pngmem.o)
                0x800bc58c                png_create_struct_2
 .text.png_create_struct
                0x800bc624        0xc d:/Wii/DevkitPro/libogc/lib/wii\libpng.a(pngmem.o)
                0x800bc624                png_create_struct
 .text.png_read_destroy
                0x800bc630      0x2e4 d:/Wii/DevkitPro/libogc/lib/wii\libpng.a(pngread.o)
                0x800bc630                png_read_destroy
 .text.png_destroy_read_struct
                0x800bc914      0x130 d:/Wii/DevkitPro/libogc/lib/wii\libpng.a(pngread.o)
                0x800bc914                png_destroy_read_struct
 .text.png_read_row
                0x800bca44      0x640 d:/Wii/DevkitPro/libogc/lib/wii\libpng.a(pngread.o)
                0x800bca44                png_read_row
 .text.png_read_image
                0x800bd084       0xc4 d:/Wii/DevkitPro/libogc/lib/wii\libpng.a(pngread.o)
                0x800bd084                png_read_image
 .text.png_read_update_info
                0x800bd148       0x64 d:/Wii/DevkitPro/libogc/lib/wii\libpng.a(pngread.o)
                0x800bd148                png_read_update_info
 .text.png_read_info
                0x800bd1ac      0x928 d:/Wii/DevkitPro/libogc/lib/wii\libpng.a(pngread.o)
                0x800bd1ac                png_read_info
 .text.png_create_read_struct_2
                0x800bdad4      0x3fc d:/Wii/DevkitPro/libogc/lib/wii\libpng.a(pngread.o)
                0x800bdad4                png_create_read_struct_2
 .text.png_create_read_struct
                0x800bded0       0x10 d:/Wii/DevkitPro/libogc/lib/wii\libpng.a(pngread.o)
                0x800bded0                png_create_read_struct
 .text.png_set_read_fn
                0x800bdee0       0x88 d:/Wii/DevkitPro/libogc/lib/wii\libpng.a(pngrio.o)
                0x800bdee0                png_set_read_fn
 .text.png_default_read_data
                0x800bdf68       0x60 d:/Wii/DevkitPro/libogc/lib/wii\libpng.a(pngrio.o)
                0x800bdf68                png_default_read_data
 .text.png_read_data
                0x800bdfc8       0x4c d:/Wii/DevkitPro/libogc/lib/wii\libpng.a(pngrio.o)
                0x800bdfc8                png_read_data
 .text.png_set_strip_16
                0x800be014       0x18 d:/Wii/DevkitPro/libogc/lib/wii\libpng.a(pngrtran.o)
                0x800be014                png_set_strip_16
 .text.png_set_strip_alpha
                0x800be02c       0x18 d:/Wii/DevkitPro/libogc/lib/wii\libpng.a(pngrtran.o)
                0x800be02c                png_set_strip_alpha
 .text.png_set_gray_to_rgb
                0x800be044       0x1c d:/Wii/DevkitPro/libogc/lib/wii\libpng.a(pngrtran.o)
                0x800be044                png_set_gray_to_rgb
 .text.png_read_transform_info
                0x800be060      0x2b4 d:/Wii/DevkitPro/libogc/lib/wii\libpng.a(pngrtran.o)
                0x800be060                png_read_transform_info
 .text.png_do_unpack
                0x800be314      0x1a0 d:/Wii/DevkitPro/libogc/lib/wii\libpng.a(pngrtran.o)
                0x800be314                png_do_unpack
 .text.png_do_unshift
                0x800be4b4      0x228 d:/Wii/DevkitPro/libogc/lib/wii\libpng.a(pngrtran.o)
                0x800be4b4                png_do_unshift
 .text.png_do_read_swap_alpha
                0x800be6dc      0x130 d:/Wii/DevkitPro/libogc/lib/wii\libpng.a(pngrtran.o)
                0x800be6dc                png_do_read_swap_alpha
 .text.png_do_read_invert_alpha
                0x800be80c       0xf8 d:/Wii/DevkitPro/libogc/lib/wii\libpng.a(pngrtran.o)
                0x800be80c                png_do_read_invert_alpha
 .text.png_do_read_filler
                0x800be904      0x340 d:/Wii/DevkitPro/libogc/lib/wii\libpng.a(pngrtran.o)
                0x800be904                png_do_read_filler
 .text.png_do_gray_to_rgb
                0x800bec44      0x224 d:/Wii/DevkitPro/libogc/lib/wii\libpng.a(pngrtran.o)
                0x800bec44                png_do_gray_to_rgb
 .text.png_do_rgb_to_gray
                0x800bee68      0x680 d:/Wii/DevkitPro/libogc/lib/wii\libpng.a(pngrtran.o)
                0x800bee68                png_do_rgb_to_gray
 .text.png_do_gamma
                0x800bf4e8      0x450 d:/Wii/DevkitPro/libogc/lib/wii\libpng.a(pngrtran.o)
                0x800bf4e8                png_do_gamma
 .text.png_do_expand_palette
                0x800bf938      0x31c d:/Wii/DevkitPro/libogc/lib/wii\libpng.a(pngrtran.o)
                0x800bf938                png_do_expand_palette
 .text.png_do_expand
                0x800bfc54      0x590 d:/Wii/DevkitPro/libogc/lib/wii\libpng.a(pngrtran.o)
                0x800bfc54                png_do_expand
 .text.png_do_quantize
                0x800c01e4      0x15c d:/Wii/DevkitPro/libogc/lib/wii\libpng.a(pngrtran.o)
                0x800c01e4                png_do_quantize
 .text.png_do_read_intrapixel
                0x800c0340       0xf8 d:/Wii/DevkitPro/libogc/lib/wii\libpng.a(pngrtran.o)
                0x800c0340                png_do_read_intrapixel
 .text.png_build_gamma_table
                0x800c0438      0x844 d:/Wii/DevkitPro/libogc/lib/wii\libpng.a(pngrtran.o)
                0x800c0438                png_build_gamma_table
 .text.png_init_read_transformations
                0x800c0c7c      0xc84 d:/Wii/DevkitPro/libogc/lib/wii\libpng.a(pngrtran.o)
                0x800c0c7c                png_init_read_transformations
 .text.png_do_background
                0x800c1900     0x11a4 d:/Wii/DevkitPro/libogc/lib/wii\libpng.a(pngrtran.o)
                0x800c1900                png_do_background
 .text.png_do_read_transformations
                0x800c2aa4      0x56c d:/Wii/DevkitPro/libogc/lib/wii\libpng.a(pngrtran.o)
                0x800c2aa4                png_do_read_transformations
 .text.png_get_uint_31
                0x800c3010       0x78 d:/Wii/DevkitPro/libogc/lib/wii\libpng.a(pngrutil.o)
                0x800c3010                png_get_uint_31
 .text.png_read_start_row
                0x800c3088      0x44c d:/Wii/DevkitPro/libogc/lib/wii\libpng.a(pngrutil.o)
                0x800c3088                png_read_start_row
 .text.png_crc_error
                0x800c34d4       0xd0 d:/Wii/DevkitPro/libogc/lib/wii\libpng.a(pngrutil.o)
                0x800c34d4                png_crc_error
 .text.png_read_filter_row
                0x800c35a4      0x2bc d:/Wii/DevkitPro/libogc/lib/wii\libpng.a(pngrutil.o)
                0x800c35a4                png_read_filter_row
 .text.png_do_read_interlace
                0x800c3860      0x4dc d:/Wii/DevkitPro/libogc/lib/wii\libpng.a(pngrutil.o)
                0x800c3860                png_do_read_interlace
 .text.png_combine_row
                0x800c3d3c      0x414 d:/Wii/DevkitPro/libogc/lib/wii\libpng.a(pngrutil.o)
                0x800c3d3c                png_combine_row
 .text.png_check_chunk_name
                0x800c4150       0xbc d:/Wii/DevkitPro/libogc/lib/wii\libpng.a(pngrutil.o)
                0x800c4150                png_check_chunk_name
 .text.png_inflate
                0x800c420c      0x178 d:/Wii/DevkitPro/libogc/lib/wii\libpng.a(pngrutil.o)
 .text.png_decompress_chunk
                0x800c4384      0x200 d:/Wii/DevkitPro/libogc/lib/wii\libpng.a(pngrutil.o)
                0x800c4384                png_decompress_chunk
 .text.png_crc_read
                0x800c4584       0x58 d:/Wii/DevkitPro/libogc/lib/wii\libpng.a(pngrutil.o)
                0x800c4584                png_crc_read
 .text.png_crc_finish
                0x800c45dc      0x120 d:/Wii/DevkitPro/libogc/lib/wii\libpng.a(pngrutil.o)
                0x800c45dc                png_crc_finish
 .text.png_handle_IEND
                0x800c46fc       0x7c d:/Wii/DevkitPro/libogc/lib/wii\libpng.a(pngrutil.o)
                0x800c46fc                png_handle_IEND
 .text.png_read_finish_row
                0x800c4778      0x4b4 d:/Wii/DevkitPro/libogc/lib/wii\libpng.a(pngrutil.o)
                0x800c4778                png_read_finish_row
 .text.png_handle_unknown
                0x800c4c2c      0x22c d:/Wii/DevkitPro/libogc/lib/wii\libpng.a(pngrutil.o)
                0x800c4c2c                png_handle_unknown
 .text.png_handle_iTXt
                0x800c4e58      0x3b0 d:/Wii/DevkitPro/libogc/lib/wii\libpng.a(pngrutil.o)
                0x800c4e58                png_handle_iTXt
 .text.png_handle_zTXt
                0x800c5208      0x308 d:/Wii/DevkitPro/libogc/lib/wii\libpng.a(pngrutil.o)
                0x800c5208                png_handle_zTXt
 .text.png_handle_tEXt
                0x800c5510      0x294 d:/Wii/DevkitPro/libogc/lib/wii\libpng.a(pngrutil.o)
                0x800c5510                png_handle_tEXt
 .text.png_handle_tIME
                0x800c57a4      0x178 d:/Wii/DevkitPro/libogc/lib/wii\libpng.a(pngrutil.o)
                0x800c57a4                png_handle_tIME
 .text.png_handle_sCAL
                0x800c591c      0x2a8 d:/Wii/DevkitPro/libogc/lib/wii\libpng.a(pngrutil.o)
                0x800c591c                png_handle_sCAL
 .text.png_handle_pCAL
                0x800c5bc4      0x3d4 d:/Wii/DevkitPro/libogc/lib/wii\libpng.a(pngrutil.o)
                0x800c5bc4                png_handle_pCAL
 .text.png_handle_oFFs
                0x800c5f98      0x194 d:/Wii/DevkitPro/libogc/lib/wii\libpng.a(pngrutil.o)
                0x800c5f98                png_handle_oFFs
 .text.png_handle_pHYs
                0x800c612c      0x194 d:/Wii/DevkitPro/libogc/lib/wii\libpng.a(pngrutil.o)
                0x800c612c                png_handle_pHYs
 .text.png_handle_hIST
                0x800c62c0      0x200 d:/Wii/DevkitPro/libogc/lib/wii\libpng.a(pngrutil.o)
                0x800c62c0                png_handle_hIST
 .text.png_handle_bKGD
                0x800c64c0      0x254 d:/Wii/DevkitPro/libogc/lib/wii\libpng.a(pngrutil.o)
                0x800c64c0                png_handle_bKGD
 .text.png_handle_tRNS
                0x800c6714      0x274 d:/Wii/DevkitPro/libogc/lib/wii\libpng.a(pngrutil.o)
                0x800c6714                png_handle_tRNS
 .text.png_handle_sPLT
                0x800c6988      0x428 d:/Wii/DevkitPro/libogc/lib/wii\libpng.a(pngrutil.o)
                0x800c6988                png_handle_sPLT
 .text.png_handle_iCCP
                0x800c6db0      0x39c d:/Wii/DevkitPro/libogc/lib/wii\libpng.a(pngrutil.o)
                0x800c6db0                png_handle_iCCP
 .text.png_handle_sRGB
                0x800c714c      0x280 d:/Wii/DevkitPro/libogc/lib/wii\libpng.a(pngrutil.o)
                0x800c714c                png_handle_sRGB
 .text.png_handle_cHRM
                0x800c73cc      0x56c d:/Wii/DevkitPro/libogc/lib/wii\libpng.a(pngrutil.o)
                0x800c73cc                png_handle_cHRM
 .text.png_handle_sBIT
                0x800c7938      0x1c0 d:/Wii/DevkitPro/libogc/lib/wii\libpng.a(pngrutil.o)
                0x800c7938                png_handle_sBIT
 .text.png_handle_gAMA
                0x800c7af8      0x240 d:/Wii/DevkitPro/libogc/lib/wii\libpng.a(pngrutil.o)
                0x800c7af8                png_handle_gAMA
 .text.png_handle_PLTE